Archive member included to satisfy reference by file (symbol)

c:/program files (x86)/gnu arm embedded toolchain/102021/bin/../lib/gcc/arm-none-eabi/10.3.1/../../../../arm-none-eabi/lib/thumb/v7e-m+fp/hard\libc_nano.a(lib_a-memcpy-stub.o)
                              _build/queue.o (memcpy)
c:/program files (x86)/gnu arm embedded toolchain/102021/bin/../lib/gcc/arm-none-eabi/10.3.1/../../../../arm-none-eabi/lib/thumb/v7e-m+fp/hard\libc_nano.a(lib_a-memset.o)
                              _build/tasks.o (memset)
c:/program files (x86)/gnu arm embedded toolchain/102021/bin/../lib/gcc/arm-none-eabi/10.3.1/../../../../arm-none-eabi/lib/thumb/v7e-m+fp/hard\libc_nano.a(lib_a-rand.o)
                              _build/system.o (rand)
c:/program files (x86)/gnu arm embedded toolchain/102021/bin/../lib/gcc/arm-none-eabi/10.3.1/../../../../arm-none-eabi/lib/thumb/v7e-m+fp/hard\libc_nano.a(lib_a-assert.o)
                              c:/program files (x86)/gnu arm embedded toolchain/102021/bin/../lib/gcc/arm-none-eabi/10.3.1/../../../../arm-none-eabi/lib/thumb/v7e-m+fp/hard\libc_nano.a(lib_a-rand.o) (__assert_func)
c:/program files (x86)/gnu arm embedded toolchain/102021/bin/../lib/gcc/arm-none-eabi/10.3.1/../../../../arm-none-eabi/lib/thumb/v7e-m+fp/hard\libc_nano.a(lib_a-fprintf.o)
                              c:/program files (x86)/gnu arm embedded toolchain/102021/bin/../lib/gcc/arm-none-eabi/10.3.1/../../../../arm-none-eabi/lib/thumb/v7e-m+fp/hard\libc_nano.a(lib_a-assert.o) (fiprintf)
c:/program files (x86)/gnu arm embedded toolchain/102021/bin/../lib/gcc/arm-none-eabi/10.3.1/../../../../arm-none-eabi/lib/thumb/v7e-m+fp/hard\libc_nano.a(lib_a-impure.o)
                              c:/program files (x86)/gnu arm embedded toolchain/102021/bin/../lib/gcc/arm-none-eabi/10.3.1/../../../../arm-none-eabi/lib/thumb/v7e-m+fp/hard\libc_nano.a(lib_a-rand.o) (_impure_ptr)
c:/program files (x86)/gnu arm embedded toolchain/102021/bin/../lib/gcc/arm-none-eabi/10.3.1/../../../../arm-none-eabi/lib/thumb/v7e-m+fp/hard\libc_nano.a(lib_a-malloc.o)
                              c:/program files (x86)/gnu arm embedded toolchain/102021/bin/../lib/gcc/arm-none-eabi/10.3.1/../../../../arm-none-eabi/lib/thumb/v7e-m+fp/hard\libc_nano.a(lib_a-rand.o) (malloc)
c:/program files (x86)/gnu arm embedded toolchain/102021/bin/../lib/gcc/arm-none-eabi/10.3.1/../../../../arm-none-eabi/lib/thumb/v7e-m+fp/hard\libc_nano.a(lib_a-nano-freer.o)
                              c:/program files (x86)/gnu arm embedded toolchain/102021/bin/../lib/gcc/arm-none-eabi/10.3.1/../../../../arm-none-eabi/lib/thumb/v7e-m+fp/hard\libc_nano.a(lib_a-malloc.o) (_free_r)
c:/program files (x86)/gnu arm embedded toolchain/102021/bin/../lib/gcc/arm-none-eabi/10.3.1/../../../../arm-none-eabi/lib/thumb/v7e-m+fp/hard\libc_nano.a(lib_a-nano-mallocr.o)
                              c:/program files (x86)/gnu arm embedded toolchain/102021/bin/../lib/gcc/arm-none-eabi/10.3.1/../../../../arm-none-eabi/lib/thumb/v7e-m+fp/hard\libc_nano.a(lib_a-malloc.o) (_malloc_r)
c:/program files (x86)/gnu arm embedded toolchain/102021/bin/../lib/gcc/arm-none-eabi/10.3.1/../../../../arm-none-eabi/lib/thumb/v7e-m+fp/hard\libc_nano.a(lib_a-nano-vfprintf.o)
                              c:/program files (x86)/gnu arm embedded toolchain/102021/bin/../lib/gcc/arm-none-eabi/10.3.1/../../../../arm-none-eabi/lib/thumb/v7e-m+fp/hard\libc_nano.a(lib_a-fprintf.o) (_vfprintf_r)
c:/program files (x86)/gnu arm embedded toolchain/102021/bin/../lib/gcc/arm-none-eabi/10.3.1/../../../../arm-none-eabi/lib/thumb/v7e-m+fp/hard\libc_nano.a(lib_a-nano-vfprintf_i.o)
                              c:/program files (x86)/gnu arm embedded toolchain/102021/bin/../lib/gcc/arm-none-eabi/10.3.1/../../../../arm-none-eabi/lib/thumb/v7e-m+fp/hard\libc_nano.a(lib_a-nano-vfprintf.o) (_printf_i)
c:/program files (x86)/gnu arm embedded toolchain/102021/bin/../lib/gcc/arm-none-eabi/10.3.1/../../../../arm-none-eabi/lib/thumb/v7e-m+fp/hard\libc_nano.a(lib_a-sbrkr.o)
                              c:/program files (x86)/gnu arm embedded toolchain/102021/bin/../lib/gcc/arm-none-eabi/10.3.1/../../../../arm-none-eabi/lib/thumb/v7e-m+fp/hard\libc_nano.a(lib_a-nano-mallocr.o) (_sbrk_r)
c:/program files (x86)/gnu arm embedded toolchain/102021/bin/../lib/gcc/arm-none-eabi/10.3.1/../../../../arm-none-eabi/lib/thumb/v7e-m+fp/hard\libc_nano.a(lib_a-wbuf.o)
                              c:/program files (x86)/gnu arm embedded toolchain/102021/bin/../lib/gcc/arm-none-eabi/10.3.1/../../../../arm-none-eabi/lib/thumb/v7e-m+fp/hard\libc_nano.a(lib_a-nano-vfprintf.o) (__swbuf_r)
c:/program files (x86)/gnu arm embedded toolchain/102021/bin/../lib/gcc/arm-none-eabi/10.3.1/../../../../arm-none-eabi/lib/thumb/v7e-m+fp/hard\libc_nano.a(lib_a-wsetup.o)
[...]
Memory Configuration

Name             Origin             Length             Attributes
FLASH            0x00000000         0x00100000         xr
RAM              0x20000000         0x00040000         xrw
*default*        0x00000000         0xffffffff

Linker script and memory map

LOAD _build/startup.o
LOAD _build/main.o
LOAD _build/printf.o
LOAD _build/system.o
LOAD _build/queue.o
LOAD _build/list.o
LOAD _build/tasks.o
LOAD _build/port.o
LOAD _build/heap_1.o
LOAD _build/port_cmsis.o
LOAD c:/program files (x86)/gnu arm embedded toolchain/102021/bin/../lib/gcc/arm-none-eabi/10.3.1/../../../../arm-none-eabi/lib/thumb/v7e-m+fp/hard\libc_nano.a
LOAD c:/program files (x86)/gnu arm embedded toolchain/102021/bin/../lib/gcc/arm-none-eabi/10.3.1/../../../../arm-none-eabi/lib/thumb/v7e-m+fp/hard\libnosys.a
LOAD c:/program files (x86)/gnu arm embedded toolchain/102021/bin/../lib/gcc/arm-none-eabi/10.3.1/../../../../arm-none-eabi/lib/thumb/v7e-m+fp/hard\libm.a
START GROUP
LOAD c:/program files (x86)/gnu arm embedded toolchain/102021/bin/../lib/gcc/arm-none-eabi/10.3.1/thumb/v7e-m+fp/hard\libgcc.a
LOAD c:/program files (x86)/gnu arm embedded toolchain/102021/bin/../lib/gcc/arm-none-eabi/10.3.1/../../../../arm-none-eabi/lib/thumb/v7e-m+fp/hard\libg_nano.a
LOAD c:/program files (x86)/gnu arm embedded toolchain/102021/bin/../lib/gcc/arm-none-eabi/10.3.1/../../../../arm-none-eabi/lib/thumb/v7e-m+fp/hard\libc_nano.a
END GROUP
START GROUP
LOAD c:/program files (x86)/gnu arm embedded toolchain/102021/bin/../lib/gcc/arm-none-eabi/10.3.1/thumb/v7e-m+fp/hard\libgcc.a
LOAD c:/program files (x86)/gnu arm embedded toolchain/102021/bin/../lib/gcc/arm-none-eabi/10.3.1/../../../../arm-none-eabi/lib/thumb/v7e-m+fp/hard\libc_nano.a
END GROUP

.isr_vector     0x00000000      0x100
                0x00000000                . = ALIGN (0x4)
                0x00000000                __isr_vector = .
 *(.isr_vector)
 .isr_vector    0x00000000      0x100 _build/startup.o
                0x00000000                vectors
                0x00000100                . = ALIGN (0x4)
                0x00000100                __isr_vector_end = .

.text           0x00000100     0x61bc
                0x00000100                . = ALIGN (0x4)
 *(.text)
 .text          0x00000100       0xb4 _build/startup.o
                0x00000100                DebugMon_Handler
                0x00000100                RTC0_IRQHandler
                0x00000100                SWI0_EGU0_IRQHandler
                0x00000100                HardFault_Handler
                0x00000100                SWI2_EGU2_IRQHandler
                0x00000100                SysTick_Handler
                0x00000100                GPIOTE_IRQHandler
                0x00000100                QSPI_IRQHandler
                0x00000100                PWM1_IRQHandler
                0x00000100                NMI_Handler
                0x00000100                POWER_CLOCK_IRQHandler
                0x00000100                RADIO_IRQHandler
                0x00000100                PDM_IRQHandler
                0x00000100                TEMP_IRQHandler
                0x00000100                QDEC_IRQHandler
                0x00000100                TIMER3_IRQHandler
                0x00000100                PWM3_IRQHandler
                0x00000100                FPU_IRQHandler
                0x00000100                USBD_IRQHandler
                0x00000100                MWU_IRQHandler
                0x00000100                SPIM0_SPIS0_TWIM0_TWIS0_SPI0_TWI0_IRQHandler
                0x00000100                UsageFault_Handler
                0x00000100                UARTE0_UART0_IRQHandler
                0x00000100                TIMER4_IRQHandler
                0x00000100                CRYPTOCELL_IRQHandler
                0x00000100                I2S_IRQHandler
                0x00000100                SWI4_EGU4_IRQHandler
                0x00000100                TIMER0_IRQHandler
                0x00000100                UARTE1_IRQHandler
                0x00000100                TIMER1_IRQHandler
                0x00000100                SPIM3_IRQHandler
                0x00000100                PWM2_IRQHandler
                0x00000100                ECB_IRQHandler
                0x00000100                SPIM1_SPIS1_TWIM1_TWIS1_SPI1_TWI1_IRQHandler
                0x00000100                Default_Handler
                0x00000100                SAADC_IRQHandler
                0x00000100                MemManage_Handler
                0x00000100                CCM_AAR_IRQHandler
                0x00000100                WDT_IRQHandler
                0x00000100                SWI5_EGU5_IRQHandler
                0x00000100                RNG_IRQHandler
                0x00000100                RTC2_IRQHandler
                0x00000100                PWM0_IRQHandler
                0x00000100                SWI3_EGU3_IRQHandler
                0x00000100                SWI1_EGU1_IRQHandler
                0x00000100                SPIM2_SPIS2_SPI2_IRQHandler
                0x00000100                NFCT_IRQHandler
                0x00000100                BusFault_Handler
                0x00000100                COMP_LPCOMP_IRQHandler
                0x00000118                c_startup
                0x00000194                enable_fpu
 .text          0x000001b4       0xd4 _build/main.o
                0x00000244                vApplicationGetIdleTaskMemory
                0x00000260                _putchar
 .text          0x00000288      0x358 _build/system.o
                0x000002fc                sampleNormal
                0x0000040c                set_event_ticks
                0x00000424                get_event_ticks
                0x00000448                vPortSetupTimerInterrupt
                0x000004c0                RTC1_IRQHandler
                0x0000053c                TIMER2_IRQHandler
                0x00000568                factorial
                0x00000578                system_init
 .text          0x000005e0     0x130c _build/queue.o
                0x000005e0                xQueueGenericReset
                0x00000660                xQueueGenericCreateStatic
                0x000006b8                xQueueGenericCreate
                0x00000738                xQueueCreateCountingSemaphoreStatic
                0x00000790                xQueueCreateCountingSemaphore
                0x000007ec                xQueueGenericSend
                0x00000b3c                xQueueCreateMutex
                0x00000ba8                xQueueGiveMutexRecursive
                0x00000bd4                xQueueCreateMutexStatic
                0x00000c38                xQueueGenericSendFromISR
                0x00000d34                xQueueGiveFromISR
                0x00000d94                xQueueReceive
                0x00001038                xQueueSemaphoreTake
                0x0000132c                xQueueTakeMutexRecursive
                0x00001358                xQueuePeek
                0x000015fc                xQueueReceiveFromISR
                0x0000167c                xQueuePeekFromISR
                0x000016bc                uxQueueMessagesWaiting
                0x000016d4                uxQueueSpacesAvailable
                0x000016f0                uxQueueMessagesWaitingFromISR
                0x000016f4                vQueueDelete
                0x00001784                xQueueIsQueueEmptyFromISR
                0x00001790                xQueueIsQueueFullFromISR
                0x000017a0                vQueueAddToRegistry
                0x00001800                pcQueueGetName
                0x00001874                vQueueUnregisterQueue
 .text          0x000018ec       0x98 _build/list.o
                0x000018ec                vListInitialise
                0x00001904                vListInitialiseItem
                0x0000190c                vListInsertEnd
                0x0000192c                vListInsert
                0x0000195c                uxListRemove
 .text          0x00001984     0x14b8 _build/tasks.o
                0x00001c0c                xTaskCreateStatic
                0x00001c48                xTaskCreate
                0x00001cac                vTaskDelete
                0x00001d78                eTaskGetState
                0x00001dd4                uxTaskPriorityGet
                0x00001df8                uxTaskPriorityGetFromISR
                0x00001e1c                vTaskPrioritySet
                0x00001edc                vTaskSuspend
                0x00002038                vTaskResume
                0x000020c8                xTaskResumeFromISR
                0x00002158                vTaskStartScheduler
                0x000021dc                vTaskEndScheduler
                0x000021f4                vTaskSuspendAll
                0x00002208                xTaskGetTickCount
                0x00002214                xTaskGetTickCountFromISR
                0x00002220                uxTaskGetNumberOfTasks
                0x0000222c                pcTaskGetName
                0x00002240                xTaskGetIdleTaskHandle
                0x0000224c                xTaskIncrementTick
                0x00002354                xTaskResumeAll
                0x00002450                vTaskDelayUntil
                0x000024dc                vTaskDelay
                0x00002550                vTaskSwitchContext
                0x00002604                vTaskPlaceOnEventList
                0x0000266c                vTaskPlaceOnUnorderedEventList
                0x000026d8                xTaskRemoveFromEventList
                0x00002744                vTaskRemoveFromUnorderedEventList
                0x00002794                vTaskSetTimeOutState
                0x000027b8                vTaskInternalSetTimeOutState
                0x000027cc                xTaskCheckForTimeOut
                0x00002830                vTaskMissedYield
                0x00002840                vTaskSetThreadLocalStoragePointer
                0x00002858                pvTaskGetThreadLocalStoragePointer
                0x0000287c                uxTaskGetStackHighWaterMark
                0x000028b0                xTaskGetCurrentTaskHandle
                0x000028bc                xTaskGetSchedulerState
                0x000028dc                xTaskPriorityInherit
                0x00002964                xTaskPriorityDisinherit
                0x000029c8                vTaskPriorityDisinheritAfterTimeout
                0x00002a40                uxTaskResetEventItemValue
                0x00002a58                pvTaskIncrementMutexHeldCount
                0x00002a70                ulTaskNotifyTake
                0x00002b20                xTaskNotifyWait
                0x00002bfc                xTaskGenericNotify
                0x00002cb0                xTaskGenericNotifyFromISR
                0x00002d74                vTaskNotifyGiveFromISR
                0x00002e08                xTaskNotifyStateClear
 .text          0x00002e3c       0x98 _build/port.o
                0x00002e3c                vPortStartFirstTask
                0x00002e54                SVC_Handler
                0x00002e70                PendSV_Handler
 .text          0x00002ed4       0x70 _build/heap_1.o
                0x00002ed4                pvPortMalloc
                0x00002f24                vPortFree
                0x00002f28                vPortInitialiseBlocks
                0x00002f34                xPortGetFreeHeapSize
 .text          0x00002f44       0xa4 _build/port_cmsis.o
                0x00002f4c                pxPortInitialiseStack
                0x00002f70                xPortStartScheduler
                0x00002fbc                vPortEndScheduler
                0x00002fc0                vPortEnterCritical
                0x00002fd4                vPortExitCritical
 *fill*         0x00002fe8        0x8 
 .text          0x00002ff0       0xa0 c:/program files (x86)/gnu arm embedded toolchain/102021/bin/../lib/gcc/arm-none-eabi/10.3.1/../../../../arm-none-eabi/lib/thumb/v7e-m+fp/hard\libc_nano.a(lib_a-memchr.o)
                0x00002ff0                memchr
 .text          0x00003090      0x378 c:/program files (x86)/gnu arm embedded toolchain/102021/bin/../lib/gcc/arm-none-eabi/10.3.1/thumb/v7e-m+fp/hard\libgcc.a(_arm_addsubdf3.o)
                0x00003090                __aeabi_drsub
                0x00003098                __aeabi_dsub
                0x00003098                __subdf3
                0x0000309c                __aeabi_dadd
                0x0000309c                __adddf3
                0x00003314                __floatunsidf
                0x00003314                __aeabi_ui2d
                0x00003334                __floatsidf
                0x00003334                __aeabi_i2d
                0x00003358                __aeabi_f2d
                0x00003358                __extendsfdf2
                0x0000339c                __floatundidf
                0x0000339c                __aeabi_ul2d
                0x000033ac                __floatdidf
                0x000033ac                __aeabi_l2d
 .text          0x00003408      0x424 c:/program files (x86)/gnu arm embedded toolchain/102021/bin/../lib/gcc/arm-none-eabi/10.3.1/thumb/v7e-m+fp/hard\libgcc.a(_arm_muldivdf3.o)
                0x00003408                __aeabi_dmul
                0x00003408                __muldf3
                0x0000365c                __divdf3
                0x0000365c                __aeabi_ddiv
 .text          0x0000382c      0x110 c:/program files (x86)/gnu arm embedded toolchain/102021/bin/../lib/gcc/arm-none-eabi/10.3.1/thumb/v7e-m+fp/hard\libgcc.a(_arm_cmpdf2.o)
                0x0000382c                __gtdf2
                0x0000382c                __gedf2
                0x00003834                __ltdf2
                0x00003834                __ledf2
                0x0000383c                __nedf2
                0x0000383c                __eqdf2
                0x0000383c                __cmpdf2
                0x000038b8                __aeabi_cdrcmple
                0x000038c8                __aeabi_cdcmpeq
                0x000038c8                __aeabi_cdcmple
                0x000038d8                __aeabi_dcmpeq
                0x000038ec                __aeabi_dcmplt
                0x00003900                __aeabi_dcmple
                0x00003914                __aeabi_dcmpge
                0x00003928                __aeabi_dcmpgt
 .text          0x0000393c       0x2c c:/program files (x86)/gnu arm embedded toolchain/102021/bin/../lib/gcc/arm-none-eabi/10.3.1/thumb/v7e-m+fp/hard\libgcc.a(_arm_unorddf2.o)
                0x0000393c                __unorddf2
                0x0000393c                __aeabi_dcmpun
 .text          0x00003968       0xa0 c:/program files (x86)/gnu arm embedded toolchain/102021/bin/../lib/gcc/arm-none-eabi/10.3.1/thumb/v7e-m+fp/hard\libgcc.a(_arm_truncdfsf2.o)
                0x00003968                __truncdfsf2
                0x00003968                __aeabi_d2f
 *(.text.*)
 .text.startup  0x00003a08       0xe0 _build/main.o
                0x00003a08                main
 .text.memcpy   0x00003ae8       0x1c c:/program files (x86)/gnu arm embedded toolchain/102021/bin/../lib/gcc/arm-none-eabi/10.3.1/../../../../arm-none-eabi/lib/thumb/v7e-m+fp/hard\libc_nano.a(lib_a-memcpy-stub.o)
                0x00003ae8                memcpy
 .text.memset   0x00003b04       0x10 c:/program files (x86)/gnu arm embedded toolchain/102021/bin/../lib/gcc/arm-none-eabi/10.3.1/../../../../arm-none-eabi/lib/thumb/v7e-m+fp/hard\libc_nano.a(lib_a-memset.o)
                0x00003b04                memset
 .text.rand     0x00003b14       0x7c c:/program files (x86)/gnu arm embedded toolchain/102021/bin/../lib/gcc/arm-none-eabi/10.3.1/../../../../arm-none-eabi/lib/thumb/v7e-m+fp/hard\libc_nano.a(lib_a-rand.o)
                0x00003b14                rand
 .text.__assert_func
                0x00003b90       0x3c c:/program files (x86)/gnu arm embedded toolchain/102021/bin/../lib/gcc/arm-none-eabi/10.3.1/../../../../arm-none-eabi/lib/thumb/v7e-m+fp/hard\libc_nano.a(lib_a-assert.o)
                0x00003b90                __assert_func
 .text.fprintf  0x00003bcc       0x24 c:/program files (x86)/gnu arm embedded toolchain/102021/bin/../lib/gcc/arm-none-eabi/10.3.1/../../../../arm-none-eabi/lib/thumb/v7e-m+fp/hard\libc_nano.a(lib_a-fprintf.o)
                0x00003bcc                fiprintf
                0x00003bcc                fprintf
 .text.malloc   0x00003bf0       0x10 c:/program files (x86)/gnu arm embedded toolchain/102021/bin/../lib/gcc/arm-none-eabi/10.3.1/../../../../arm-none-eabi/lib/thumb/v7e-m+fp/hard\libc_nano.a(lib_a-malloc.o)
                0x00003bf0                malloc
 .text._free_r  0x00003c00       0x98 c:/program files (x86)/gnu arm embedded toolchain/102021/bin/../lib/gcc/arm-none-eabi/10.3.1/../../../../arm-none-eabi/lib/thumb/v7e-m+fp/hard\libc_nano.a(lib_a-nano-freer.o)
                0x00003c00                _free_r
 .text.sbrk_aligned
                0x00003c98       0x40 c:/program files (x86)/gnu arm embedded toolchain/102021/bin/../lib/gcc/arm-none-eabi/10.3.1/../../../../arm-none-eabi/lib/thumb/v7e-m+fp/hard\libc_nano.a(lib_a-nano-mallocr.o)
 .text._malloc_r
                0x00003cd8       0xe8 c:/program files (x86)/gnu arm embedded toolchain/102021/bin/../lib/gcc/arm-none-eabi/10.3.1/../../../../arm-none-eabi/lib/thumb/v7e-m+fp/hard\libc_nano.a(lib_a-nano-mallocr.o)
                0x00003cd8                _malloc_r
 .text.__sfputc_r
                0x00003dc0       0x2e c:/program files (x86)/gnu arm embedded toolchain/102021/bin/../lib/gcc/arm-none-eabi/10.3.1/../../../../arm-none-eabi/lib/thumb/v7e-m+fp/hard\libc_nano.a(lib_a-nano-vfprintf.o)
 .text.__sfputs_r
                0x00003dee       0x24 c:/program files (x86)/gnu arm embedded toolchain/102021/bin/../lib/gcc/arm-none-eabi/10.3.1/../../../../arm-none-eabi/lib/thumb/v7e-m+fp/hard\libc_nano.a(lib_a-nano-vfprintf.o)
                0x00003dee                __sfputs_r
 *fill*         0x00003e12        0x2 
 .text._vfprintf_r
                0x00003e14      0x260 c:/program files (x86)/gnu arm embedded toolchain/102021/bin/../lib/gcc/arm-none-eabi/10.3.1/../../../../arm-none-eabi/lib/thumb/v7e-m+fp/hard\libc_nano.a(lib_a-nano-vfprintf.o)
                0x00003e14                _vfprintf_r
                0x00003e14                _vfiprintf_r
 .text._printf_common
                0x00004074       0xda c:/program files (x86)/gnu arm embedded toolchain/102021/bin/../lib/gcc/arm-none-eabi/10.3.1/../../../../arm-none-eabi/lib/thumb/v7e-m+fp/hard\libc_nano.a(lib_a-nano-vfprintf_i.o)
                0x00004074                _printf_common
 *fill*         0x0000414e        0x2 
 .text._printf_i
                0x00004150      0x24c c:/program files (x86)/gnu arm embedded toolchain/102021/bin/../lib/gcc/arm-none-eabi/10.3.1/../../../../arm-none-eabi/lib/thumb/v7e-m+fp/hard\libc_nano.a(lib_a-nano-vfprintf_i.o)
                0x00004150                _printf_i
 .text._sbrk_r  0x0000439c       0x20 c:/program files (x86)/gnu arm embedded toolchain/102021/bin/../lib/gcc/arm-none-eabi/10.3.1/../../../../arm-none-eabi/lib/thumb/v7e-m+fp/hard\libc_nano.a(lib_a-sbrkr.o)
                0x0000439c                _sbrk_r
 .text.__swbuf_r
                0x000043bc       0xa4 c:/program files (x86)/gnu arm embedded toolchain/102021/bin/../lib/gcc/arm-none-eabi/10.3.1/../../../../arm-none-eabi/lib/thumb/v7e-m+fp/hard\libc_nano.a(lib_a-wbuf.o)
                0x000043bc                __swbuf_r
 .text.__swsetup_r
                0x00004460       0xdc c:/program files (x86)/gnu arm embedded toolchain/102021/bin/../lib/gcc/arm-none-eabi/10.3.1/../../../../arm-none-eabi/lib/thumb/v7e-m+fp/hard\libc_nano.a(lib_a-wsetup.o)
                0x00004460                __swsetup_r
 .text.abort    0x0000453c        0xe c:/program files (x86)/gnu arm embedded toolchain/102021/bin/../lib/gcc/arm-none-eabi/10.3.1/../../../../arm-none-eabi/lib/thumb/v7e-m+fp/hard\libc_nano.a(lib_a-abort.o)
                0x0000453c                abort
 *fill*         0x0000454a        0x2 
 .text.__sflush_r
                0x0000454c      0x10c c:/program files (x86)/gnu arm embedded toolchain/102021/bin/../lib/gcc/arm-none-eabi/10.3.1/../../../../arm-none-eabi/lib/thumb/v7e-m+fp/hard\libc_nano.a(lib_a-fflush.o)
                0x0000454c                __sflush_r
 .text._fflush_r
                0x00004658       0x78 c:/program files (x86)/gnu arm embedded toolchain/102021/bin/../lib/gcc/arm-none-eabi/10.3.1/../../../../arm-none-eabi/lib/thumb/v7e-m+fp/hard\libc_nano.a(lib_a-fflush.o)
                0x00004658                _fflush_r
 .text.std      0x000046d0       0x48 c:/program files (x86)/gnu arm embedded toolchain/102021/bin/../lib/gcc/arm-none-eabi/10.3.1/../../../../arm-none-eabi/lib/thumb/v7e-m+fp/hard\libc_nano.a(lib_a-findfp.o)
 .text._cleanup_r
                0x00004718        0xc c:/program files (x86)/gnu arm embedded toolchain/102021/bin/../lib/gcc/arm-none-eabi/10.3.1/../../../../arm-none-eabi/lib/thumb/v7e-m+fp/hard\libc_nano.a(lib_a-findfp.o)
                0x00004718                _cleanup_r
 .text.__sfmoreglue
                0x00004724       0x2c c:/program files (x86)/gnu arm embedded toolchain/102021/bin/../lib/gcc/arm-none-eabi/10.3.1/../../../../arm-none-eabi/lib/thumb/v7e-m+fp/hard\libc_nano.a(lib_a-findfp.o)
                0x00004724                __sfmoreglue
 .text.__sfp_lock_acquire
                0x00004750        0xc c:/program files (x86)/gnu arm embedded toolchain/102021/bin/../lib/gcc/arm-none-eabi/10.3.1/../../../../arm-none-eabi/lib/thumb/v7e-m+fp/hard\libc_nano.a(lib_a-findfp.o)
                0x00004750                __sfp_lock_acquire
 .text.__sfp_lock_release
                0x0000475c        0xc c:/program files (x86)/gnu arm embedded toolchain/102021/bin/../lib/gcc/arm-none-eabi/10.3.1/../../../../arm-none-eabi/lib/thumb/v7e-m+fp/hard\libc_nano.a(lib_a-findfp.o)
                0x0000475c                __sfp_lock_release
 .text.__sinit_lock_acquire
                0x00004768        0xc c:/program files (x86)/gnu arm embedded toolchain/102021/bin/../lib/gcc/arm-none-eabi/10.3.1/../../../../arm-none-eabi/lib/thumb/v7e-m+fp/hard\libc_nano.a(lib_a-findfp.o)
                0x00004768                __sinit_lock_acquire
 .text.__sinit_lock_release
                0x00004774        0xc c:/program files (x86)/gnu arm embedded toolchain/102021/bin/../lib/gcc/arm-none-eabi/10.3.1/../../../../arm-none-eabi/lib/thumb/v7e-m+fp/hard\libc_nano.a(lib_a-findfp.o)
                0x00004774                __sinit_lock_release
 .text.__sinit  0x00004780       0x70 c:/program files (x86)/gnu arm embedded toolchain/102021/bin/../lib/gcc/arm-none-eabi/10.3.1/../../../../arm-none-eabi/lib/thumb/v7e-m+fp/hard\libc_nano.a(lib_a-findfp.o)
                0x00004780                __sinit
 .text.__sfp    0x000047f0       0x8c c:/program files (x86)/gnu arm embedded toolchain/102021/bin/../lib/gcc/arm-none-eabi/10.3.1/../../../../arm-none-eabi/lib/thumb/v7e-m+fp/hard\libc_nano.a(lib_a-findfp.o)
                0x000047f0                __sfp
 .text._fwalk_reent
                0x0000487c       0x3e c:/program files (x86)/gnu arm embedded toolchain/102021/bin/../lib/gcc/arm-none-eabi/10.3.1/../../../../arm-none-eabi/lib/thumb/v7e-m+fp/hard\libc_nano.a(lib_a-fwalk.o)
                0x0000487c                _fwalk_reent
 .text.__retarget_lock_init_recursive
                0x000048ba        0x2 c:/program files (x86)/gnu arm embedded toolchain/102021/bin/../lib/gcc/arm-none-eabi/10.3.1/../../../../arm-none-eabi/lib/thumb/v7e-m+fp/hard\libc_nano.a(lib_a-lock.o)
                0x000048ba                __retarget_lock_init_recursive
 .text.__retarget_lock_acquire_recursive
                0x000048bc        0x2 c:/program files (x86)/gnu arm embedded toolchain/102021/bin/../lib/gcc/arm-none-eabi/10.3.1/../../../../arm-none-eabi/lib/thumb/v7e-m+fp/hard\libc_nano.a(lib_a-lock.o)
                0x000048bc                __retarget_lock_acquire_recursive
 .text.__retarget_lock_release_recursive
                0x000048be        0x2 c:/program files (x86)/gnu arm embedded toolchain/102021/bin/../lib/gcc/arm-none-eabi/10.3.1/../../../../arm-none-eabi/lib/thumb/v7e-m+fp/hard\libc_nano.a(lib_a-lock.o)
                0x000048be                __retarget_lock_release_recursive
 .text.__swhatbuf_r
                0x000048c0       0x4a c:/program files (x86)/gnu arm embedded toolchain/102021/bin/../lib/gcc/arm-none-eabi/10.3.1/../../../../arm-none-eabi/lib/thumb/v7e-m+fp/hard\libc_nano.a(lib_a-makebuf.o)
                0x000048c0                __swhatbuf_r
 *fill*         0x0000490a        0x2 
 .text.__smakebuf_r
                0x0000490c       0x80 c:/program files (x86)/gnu arm embedded toolchain/102021/bin/../lib/gcc/arm-none-eabi/10.3.1/../../../../arm-none-eabi/lib/thumb/v7e-m+fp/hard\libc_nano.a(lib_a-makebuf.o)
                0x0000490c                __smakebuf_r
 .text.__malloc_lock
                0x0000498c        0xc c:/program files (x86)/gnu arm embedded toolchain/102021/bin/../lib/gcc/arm-none-eabi/10.3.1/../../../../arm-none-eabi/lib/thumb/v7e-m+fp/hard\libc_nano.a(lib_a-mlock.o)
                0x0000498c                __malloc_lock
 .text.__malloc_unlock
                0x00004998        0xc c:/program files (x86)/gnu arm embedded toolchain/102021/bin/../lib/gcc/arm-none-eabi/10.3.1/../../../../arm-none-eabi/lib/thumb/v7e-m+fp/hard\libc_nano.a(lib_a-mlock.o)
                0x00004998                __malloc_unlock
 .text._raise_r
                0x000049a4       0x50 c:/program files (x86)/gnu arm embedded toolchain/102021/bin/../lib/gcc/arm-none-eabi/10.3.1/../../../../arm-none-eabi/lib/thumb/v7e-m+fp/hard\libc_nano.a(lib_a-signal.o)
                0x000049a4                _raise_r
 .text.raise    0x000049f4       0x10 c:/program files (x86)/gnu arm embedded toolchain/102021/bin/../lib/gcc/arm-none-eabi/10.3.1/../../../../arm-none-eabi/lib/thumb/v7e-m+fp/hard\libc_nano.a(lib_a-signal.o)
                0x000049f4                raise
 .text._kill_r  0x00004a04       0x24 c:/program files (x86)/gnu arm embedded toolchain/102021/bin/../lib/gcc/arm-none-eabi/10.3.1/../../../../arm-none-eabi/lib/thumb/v7e-m+fp/hard\libc_nano.a(lib_a-signalr.o)
                0x00004a04                _kill_r
 .text._getpid_r
                0x00004a28        0x4 c:/program files (x86)/gnu arm embedded toolchain/102021/bin/../lib/gcc/arm-none-eabi/10.3.1/../../../../arm-none-eabi/lib/thumb/v7e-m+fp/hard\libc_nano.a(lib_a-signalr.o)
                0x00004a28                _getpid_r
 .text.__sread  0x00004a2c       0x22 c:/program files (x86)/gnu arm embedded toolchain/102021/bin/../lib/gcc/arm-none-eabi/10.3.1/../../../../arm-none-eabi/lib/thumb/v7e-m+fp/hard\libc_nano.a(lib_a-stdio.o)
                0x00004a2c                __sread
 .text.__swrite
                0x00004a4e       0x38 c:/program files (x86)/gnu arm embedded toolchain/102021/bin/../lib/gcc/arm-none-eabi/10.3.1/../../../../arm-none-eabi/lib/thumb/v7e-m+fp/hard\libc_nano.a(lib_a-stdio.o)
                0x00004a4e                __swrite
 .text.__sseek  0x00004a86       0x24 c:/program files (x86)/gnu arm embedded toolchain/102021/bin/../lib/gcc/arm-none-eabi/10.3.1/../../../../arm-none-eabi/lib/thumb/v7e-m+fp/hard\libc_nano.a(lib_a-stdio.o)
                0x00004a86                __sseek
 .text.__sclose
                0x00004aaa        0x8 c:/program files (x86)/gnu arm embedded toolchain/102021/bin/../lib/gcc/arm-none-eabi/10.3.1/../../../../arm-none-eabi/lib/thumb/v7e-m+fp/hard\libc_nano.a(lib_a-stdio.o)
                0x00004aaa                __sclose
 *fill*         0x00004ab2        0x2 
 .text._write_r
                0x00004ab4       0x24 c:/program files (x86)/gnu arm embedded toolchain/102021/bin/../lib/gcc/arm-none-eabi/10.3.1/../../../../arm-none-eabi/lib/thumb/v7e-m+fp/hard\libc_nano.a(lib_a-writer.o)
                0x00004ab4                _write_r
 .text._close_r
                0x00004ad8       0x20 c:/program files (x86)/gnu arm embedded toolchain/102021/bin/../lib/gcc/arm-none-eabi/10.3.1/../../../../arm-none-eabi/lib/thumb/v7e-m+fp/hard\libc_nano.a(lib_a-closer.o)
                0x00004ad8                _close_r
 .text._fstat_r
                0x00004af8       0x24 c:/program files (x86)/gnu arm embedded toolchain/102021/bin/../lib/gcc/arm-none-eabi/10.3.1/../../../../arm-none-eabi/lib/thumb/v7e-m+fp/hard\libc_nano.a(lib_a-fstatr.o)
                0x00004af8                _fstat_r
 .text._isatty_r
                0x00004b1c       0x20 c:/program files (x86)/gnu arm embedded toolchain/102021/bin/../lib/gcc/arm-none-eabi/10.3.1/../../../../arm-none-eabi/lib/thumb/v7e-m+fp/hard\libc_nano.a(lib_a-isattyr.o)
                0x00004b1c                _isatty_r
 .text._lseek_r
                0x00004b3c       0x24 c:/program files (x86)/gnu arm embedded toolchain/102021/bin/../lib/gcc/arm-none-eabi/10.3.1/../../../../arm-none-eabi/lib/thumb/v7e-m+fp/hard\libc_nano.a(lib_a-lseekr.o)
                0x00004b3c                _lseek_r
 .text._read_r  0x00004b60       0x24 c:/program files (x86)/gnu arm embedded toolchain/102021/bin/../lib/gcc/arm-none-eabi/10.3.1/../../../../arm-none-eabi/lib/thumb/v7e-m+fp/hard\libc_nano.a(lib_a-readr.o)
                0x00004b60                _read_r
 .text._close   0x00004b84       0x10 c:/program files (x86)/gnu arm embedded toolchain/102021/bin/../lib/gcc/arm-none-eabi/10.3.1/../../../../arm-none-eabi/lib/thumb/v7e-m+fp/hard\libnosys.a(close.o)
                0x00004b84                _close
 .text._fstat   0x00004b94       0x10 c:/program files (x86)/gnu arm embedded toolchain/102021/bin/../lib/gcc/arm-none-eabi/10.3.1/../../../../arm-none-eabi/lib/thumb/v7e-m+fp/hard\libnosys.a(fstat.o)
                0x00004b94                _fstat
 .text._getpid  0x00004ba4       0x10 c:/program files (x86)/gnu arm embedded toolchain/102021/bin/../lib/gcc/arm-none-eabi/10.3.1/../../../../arm-none-eabi/lib/thumb/v7e-m+fp/hard\libnosys.a(getpid.o)
                0x00004ba4                _getpid
 .text._isatty  0x00004bb4       0x10 c:/program files (x86)/gnu arm embedded toolchain/102021/bin/../lib/gcc/arm-none-eabi/10.3.1/../../../../arm-none-eabi/lib/thumb/v7e-m+fp/hard\libnosys.a(isatty.o)
                0x00004bb4                _isatty
 .text._kill    0x00004bc4       0x10 c:/program files (x86)/gnu arm embedded toolchain/102021/bin/../lib/gcc/arm-none-eabi/10.3.1/../../../../arm-none-eabi/lib/thumb/v7e-m+fp/hard\libnosys.a(kill.o)
                0x00004bc4                _kill
 .text._lseek   0x00004bd4       0x10 c:/program files (x86)/gnu arm embedded toolchain/102021/bin/../lib/gcc/arm-none-eabi/10.3.1/../../../../arm-none-eabi/lib/thumb/v7e-m+fp/hard\libnosys.a(lseek.o)
                0x00004bd4                _lseek
 .text._read    0x00004be4       0x10 c:/program files (x86)/gnu arm embedded toolchain/102021/bin/../lib/gcc/arm-none-eabi/10.3.1/../../../../arm-none-eabi/lib/thumb/v7e-m+fp/hard\libnosys.a(read.o)
                0x00004be4                _read
 .text._sbrk    0x00004bf4       0x1c c:/program files (x86)/gnu arm embedded toolchain/102021/bin/../lib/gcc/arm-none-eabi/10.3.1/../../../../arm-none-eabi/lib/thumb/v7e-m+fp/hard\libnosys.a(sbrk.o)
                0x00004bf4                _sbrk
 .text._write   0x00004c10       0x10 c:/program files (x86)/gnu arm embedded toolchain/102021/bin/../lib/gcc/arm-none-eabi/10.3.1/../../../../arm-none-eabi/lib/thumb/v7e-m+fp/hard\libnosys.a(write.o)
                0x00004c10                _write
 .text._exit    0x00004c20        0x4 c:/program files (x86)/gnu arm embedded toolchain/102021/bin/../lib/gcc/arm-none-eabi/10.3.1/../../../../arm-none-eabi/lib/thumb/v7e-m+fp/hard\libnosys.a(_exit.o)
                0x00004c20                _exit
 *fill*         0x00004c24        0x4 
 .text.log      0x00004c28       0x84 c:/program files (x86)/gnu arm embedded toolchain/102021/bin/../lib/gcc/arm-none-eabi/10.3.1/../../../../arm-none-eabi/lib/thumb/v7e-m+fp/hard\libm.a(lib_a-w_log.o)
                0x00004c28                log
 *fill*         0x00004cac        0x4 
 .text.pow      0x00004cb0       0xf0 c:/program files (x86)/gnu arm embedded toolchain/102021/bin/../lib/gcc/arm-none-eabi/10.3.1/../../../../arm-none-eabi/lib/thumb/v7e-m+fp/hard\libm.a(lib_a-w_pow.o)
                0x00004cb0                pow
 .text.sqrt     0x00004da0       0x68 c:/program files (x86)/gnu arm embedded toolchain/102021/bin/../lib/gcc/arm-none-eabi/10.3.1/../../../../arm-none-eabi/lib/thumb/v7e-m+fp/hard\libm.a(lib_a-w_sqrt.o)
                0x00004da0                sqrt
 .text.__ieee754_log
                0x00004e08      0x438 c:/program files (x86)/gnu arm embedded toolchain/102021/bin/../lib/gcc/arm-none-eabi/10.3.1/../../../../arm-none-eabi/lib/thumb/v7e-m+fp/hard\libm.a(lib_a-e_log.o)
                0x00004e08                __ieee754_log
 .text.__ieee754_pow
                0x00005240      0xb74 c:/program files (x86)/gnu arm embedded toolchain/102021/bin/../lib/gcc/arm-none-eabi/10.3.1/../../../../arm-none-eabi/lib/thumb/v7e-m+fp/hard\libm.a(lib_a-e_pow.o)
                0x00005240                __ieee754_pow
 .text.__ieee754_sqrt
                0x00005db4      0x198 c:/program files (x86)/gnu arm embedded toolchain/102021/bin/../lib/gcc/arm-none-eabi/10.3.1/../../../../arm-none-eabi/lib/thumb/v7e-m+fp/hard\libm.a(lib_a-e_sqrt.o)
                0x00005db4                __ieee754_sqrt
 .text.with_errno
                0x00005f4c       0x18 c:/program files (x86)/gnu arm embedded toolchain/102021/bin/../lib/gcc/arm-none-eabi/10.3.1/../../../../arm-none-eabi/lib/thumb/v7e-m+fp/hard\libm.a(lib_a-math_err.o)
 .text.xflow    0x00005f64       0x2c c:/program files (x86)/gnu arm embedded toolchain/102021/bin/../lib/gcc/arm-none-eabi/10.3.1/../../../../arm-none-eabi/lib/thumb/v7e-m+fp/hard\libm.a(lib_a-math_err.o)
 .text.__math_uflow
                0x00005f90       0x14 c:/program files (x86)/gnu arm embedded toolchain/102021/bin/../lib/gcc/arm-none-eabi/10.3.1/../../../../arm-none-eabi/lib/thumb/v7e-m+fp/hard\libm.a(lib_a-math_err.o)
                0x00005f90                __math_uflow
 .text.__math_oflow
                0x00005fa4       0x14 c:/program files (x86)/gnu arm embedded toolchain/102021/bin/../lib/gcc/arm-none-eabi/10.3.1/../../../../arm-none-eabi/lib/thumb/v7e-m+fp/hard\libm.a(lib_a-math_err.o)
                0x00005fa4                __math_oflow
 .text.fabs     0x00005fb8       0x14 c:/program files (x86)/gnu arm embedded toolchain/102021/bin/../lib/gcc/arm-none-eabi/10.3.1/../../../../arm-none-eabi/lib/thumb/v7e-m+fp/hard\libm.a(lib_a-s_fabs.o)
                0x00005fb8                fabs
 .text.finite   0x00005fcc       0x18 c:/program files (x86)/gnu arm embedded toolchain/102021/bin/../lib/gcc/arm-none-eabi/10.3.1/../../../../arm-none-eabi/lib/thumb/v7e-m+fp/hard\libm.a(lib_a-s_finite.o)
                0x00005fcc                finite
 *fill*         0x00005fe4        0x4 
 .text.nan      0x00005fe8       0x10 c:/program files (x86)/gnu arm embedded toolchain/102021/bin/../lib/gcc/arm-none-eabi/10.3.1/../../../../arm-none-eabi/lib/thumb/v7e-m+fp/hard\libm.a(lib_a-s_nan.o)
                0x00005fe8                nan
 .text.scalbn   0x00005ff8      0x124 c:/program files (x86)/gnu arm embedded toolchain/102021/bin/../lib/gcc/arm-none-eabi/10.3.1/../../../../arm-none-eabi/lib/thumb/v7e-m+fp/hard\libm.a(lib_a-s_scalbn.o)
                0x00005ff8                scalbn
 .text.__errno  0x0000611c        0xc c:/program files (x86)/gnu arm embedded toolchain/102021/bin/../lib/gcc/arm-none-eabi/10.3.1/../../../../arm-none-eabi/lib/thumb/v7e-m+fp/hard\libg_nano.a(lib_a-errno.o)
                0x0000611c                __errno
 *(.rodata)
 *fill*         0x00006128        0x8 
 .rodata        0x00006130        0x6 _build/main.o
 *(.rodata*)
 *fill*         0x00006136        0x2 
 .rodata.str1.4
                0x00006138        0xb _build/main.o
 *fill*         0x00006143        0x1 
 .rodata.str1.4
                0x00006144        0x8 _build/system.o
 .rodata.str1.4
                0x0000614c        0x5 _build/tasks.o
 .rodata.srand.str1.1
                0x00006151       0x95 c:/program files (x86)/gnu arm embedded toolchain/102021/bin/../lib/gcc/arm-none-eabi/10.3.1/../../../../arm-none-eabi/lib/thumb/v7e-m+fp/hard\libc_nano.a(lib_a-rand.o)
 .rodata.__assert_func.str1.1
                0x000061e6       0x3c c:/program files (x86)/gnu arm embedded toolchain/102021/bin/../lib/gcc/arm-none-eabi/10.3.1/../../../../arm-none-eabi/lib/thumb/v7e-m+fp/hard\libc_nano.a(lib_a-assert.o)
                                 0x3d (size before relaxing)
 *fill*         0x00006222        0x2 
 .rodata._global_impure_ptr
                0x00006224        0x4 c:/program files (x86)/gnu arm embedded toolchain/102021/bin/../lib/gcc/arm-none-eabi/10.3.1/../../../../arm-none-eabi/lib/thumb/v7e-m+fp/hard\libc_nano.a(lib_a-impure.o)
                0x00006224                _global_impure_ptr
 .rodata._vfprintf_r.str1.1
                0x00006228       0x11 c:/program files (x86)/gnu arm embedded toolchain/102021/bin/../lib/gcc/arm-none-eabi/10.3.1/../../../../arm-none-eabi/lib/thumb/v7e-m+fp/hard\libc_nano.a(lib_a-nano-vfprintf.o)
 .rodata._printf_i.str1.1
                0x00006239       0x22 c:/program files (x86)/gnu arm embedded toolchain/102021/bin/../lib/gcc/arm-none-eabi/10.3.1/../../../../arm-none-eabi/lib/thumb/v7e-m+fp/hard\libc_nano.a(lib_a-nano-vfprintf_i.o)
 *fill*         0x0000625b        0x1 
 .rodata.__sf_fake_stderr
                0x0000625c       0x20 c:/program files (x86)/gnu arm embedded toolchain/102021/bin/../lib/gcc/arm-none-eabi/10.3.1/../../../../arm-none-eabi/lib/thumb/v7e-m+fp/hard\libc_nano.a(lib_a-findfp.o)
                0x0000625c                __sf_fake_stderr
 .rodata.__sf_fake_stdin
                0x0000627c       0x20 c:/program files (x86)/gnu arm embedded toolchain/102021/bin/../lib/gcc/arm-none-eabi/10.3.1/../../../../arm-none-eabi/lib/thumb/v7e-m+fp/hard\libc_nano.a(lib_a-findfp.o)
                0x0000627c                __sf_fake_stdin
 .rodata.__sf_fake_stdout
                0x0000629c       0x20 c:/program files (x86)/gnu arm embedded toolchain/102021/bin/../lib/gcc/arm-none-eabi/10.3.1/../../../../arm-none-eabi/lib/thumb/v7e-m+fp/hard\libc_nano.a(lib_a-findfp.o)
                0x0000629c                __sf_fake_stdout
 .rodata.log.str1.4
                0x000062bc        0x5 c:/program files (x86)/gnu arm embedded toolchain/102021/bin/../lib/gcc/arm-none-eabi/10.3.1/../../../../arm-none-eabi/lib/thumb/v7e-m+fp/hard\libm.a(lib_a-w_log.o)
                                  0x1 (size before relaxing)
                0x000062c4                . = ALIGN (0x4)
                0x000062bc                _etext = .

.glue_7         0x000062bc        0x0
 .glue_7        0x000062bc        0x0 linker stubs

.glue_7t        0x000062bc        0x0
 .glue_7t       0x000062bc        0x0 linker stubs

.vfp11_veneer   0x000062bc        0x0
 .vfp11_veneer  0x000062bc        0x0 linker stubs

.v4_bx          0x000062bc        0x0
 .v4_bx         0x000062bc        0x0 linker stubs

.iplt           0x000062bc        0x0
 .iplt          0x000062bc        0x0 _build/startup.o

.rel.dyn        0x000062bc        0x0
 .rel.iplt      0x000062bc        0x0 _build/startup.o

.data           0x20000000       0x64 load address 0x000062bc
                0x20000000                . = ALIGN (0x4)
                0x20000000                _sdata = .
 *(.data)
 *(.data.*)
 .data._impure_ptr
                0x20000000        0x4 c:/program files (x86)/gnu arm embedded toolchain/102021/bin/../lib/gcc/arm-none-eabi/10.3.1/../../../../arm-none-eabi/lib/thumb/v7e-m+fp/hard\libc_nano.a(lib_a-impure.o)
                0x20000000                _impure_ptr
 .data.impure_data
                0x20000004       0x60 c:/program files (x86)/gnu arm embedded toolchain/102021/bin/../lib/gcc/arm-none-eabi/10.3.1/../../../../arm-none-eabi/lib/thumb/v7e-m+fp/hard\libc_nano.a(lib_a-impure.o)
                0x20000064                _edata = .

.igot.plt       0x20000064        0x0 load address 0x00006320
 .igot.plt      0x20000064        0x0 _build/startup.o

.bss            0x20000068     0x43e8 load address 0x00006328
                0x20000068                . = ALIGN (0x4)
                0x20000068                _sbss = .
 *(.bss)
 .bss           0x20000068      0x268 _build/main.o
 .bss           0x200002d0       0x20 _build/system.o
                0x200002d8                event_tick
 .bss           0x200002f0       0x50 _build/queue.o
                0x200002f0                xQueueRegistry
 .bss           0x20000340      0x104 _build/tasks.o
                0x20000344                pxCurrentTCB
 .bss           0x20000444     0x4008 _build/heap_1.o
 .bss           0x2000444c        0x4 _build/port_cmsis.o
 *(COMMON)
                0x20004450                . = ALIGN (0x4)
                0x20004450                _ebss = .

.bss.__malloc_free_list
                0x20004450        0x4 load address 0x0000a710
 .bss.__malloc_free_list
                0x20004450        0x4 c:/program files (x86)/gnu arm embedded toolchain/102021/bin/../lib/gcc/arm-none-eabi/10.3.1/../../../../arm-none-eabi/lib/thumb/v7e-m+fp/hard\libc_nano.a(lib_a-nano-mallocr.o)
                0x20004450                __malloc_free_list

.bss.__malloc_sbrk_start
                0x20004454        0x4 load address 0x0000a714
 .bss.__malloc_sbrk_start
                0x20004454        0x4 c:/program files (x86)/gnu arm embedded toolchain/102021/bin/../lib/gcc/arm-none-eabi/10.3.1/../../../../arm-none-eabi/lib/thumb/v7e-m+fp/hard\libc_nano.a(lib_a-nano-mallocr.o)
                0x20004454                __malloc_sbrk_start

.bss.__lock___malloc_recursive_mutex
                0x20004458        0x1 load address 0x0000a718
 .bss.__lock___malloc_recursive_mutex
                0x20004458        0x1 c:/program files (x86)/gnu arm embedded toolchain/102021/bin/../lib/gcc/arm-none-eabi/10.3.1/../../../../arm-none-eabi/lib/thumb/v7e-m+fp/hard\libc_nano.a(lib_a-lock.o)
                0x20004458                __lock___malloc_recursive_mutex

.bss.__lock___sfp_recursive_mutex
                0x20004459        0x1 load address 0x0000a719
 .bss.__lock___sfp_recursive_mutex
                0x20004459        0x1 c:/program files (x86)/gnu arm embedded toolchain/102021/bin/../lib/gcc/arm-none-eabi/10.3.1/../../../../arm-none-eabi/lib/thumb/v7e-m+fp/hard\libc_nano.a(lib_a-lock.o)
                0x20004459                __lock___sfp_recursive_mutex

.bss.__lock___sinit_recursive_mutex
                0x2000445a        0x1 load address 0x0000a71a
 .bss.__lock___sinit_recursive_mutex
                0x2000445a        0x1 c:/program files (x86)/gnu arm embedded toolchain/102021/bin/../lib/gcc/arm-none-eabi/10.3.1/../../../../arm-none-eabi/lib/thumb/v7e-m+fp/hard\libc_nano.a(lib_a-lock.o)
                0x2000445a                __lock___sinit_recursive_mutex

.bss.errno      0x2000445c        0x4 load address 0x0000a71c
 .bss.errno     0x2000445c        0x4 c:/program files (x86)/gnu arm embedded toolchain/102021/bin/../lib/gcc/arm-none-eabi/10.3.1/../../../../arm-none-eabi/lib/thumb/v7e-m+fp/hard\libc_nano.a(lib_a-reent.o)
                0x2000445c                errno

.bss.heap_end.0
                0x20004460        0x4 load address 0x0000a720
 .bss.heap_end.0
                0x20004460        0x4 c:/program files (x86)/gnu arm embedded toolchain/102021/bin/../lib/gcc/arm-none-eabi/10.3.1/../../../../arm-none-eabi/lib/thumb/v7e-m+fp/hard\libnosys.a(sbrk.o)

.heap           0x20004464        0x0
                0x20004464                __end__ = .
                0x20004464                end = __end__
 *(.heap*)
                0x20004464                __HeapLimit = .

/DISCARD/
 *(.ARM.exidx*)
 *(.gnu.linkonce.armexidx.*)
OUTPUT(_build/build.elf elf32-littlearm)
LOAD linker stubs

.debug_info     0x00000000     0xa868
 .debug_info    0x00000000      0x530 _build/startup.o
 .debug_info    0x00000530     0x1403 _build/main.o
 .debug_info    0x00001933     0x18d3 _build/system.o
 .debug_info    0x00003206     0x34aa _build/queue.o
 .debug_info    0x000066b0      0x2de _build/list.o
 .debug_info    0x0000698e     0x3348 _build/tasks.o
 .debug_info    0x00009cd6       0xb4 _build/port.o
 .debug_info    0x00009d8a      0x1cd _build/heap_1.o
 .debug_info    0x00009f57      0x911 _build/port_cmsis.o

.debug_abbrev   0x00000000     0x17ea
 .debug_abbrev  0x00000000      0x1d2 _build/startup.o
 .debug_abbrev  0x000001d2      0x399 _build/main.o
 .debug_abbrev  0x0000056b      0x411 _build/system.o
 .debug_abbrev  0x0000097c      0x44c _build/queue.o
 .debug_abbrev  0x00000dc8      0x109 _build/list.o
 .debug_abbrev  0x00000ed1      0x4d5 _build/tasks.o
 .debug_abbrev  0x000013a6       0x47 _build/port.o
 .debug_abbrev  0x000013ed      0x136 _build/heap_1.o
 .debug_abbrev  0x00001523      0x2c7 _build/port_cmsis.o

.debug_loc      0x00000000     0x5db2
 .debug_loc     0x00000000       0x37 _build/startup.o
 .debug_loc     0x00000037      0x4e9 _build/main.o
 .debug_loc     0x00000520      0x2e1 _build/system.o
 .debug_loc     0x00000801     0x2a38 _build/queue.o
 .debug_loc     0x00003239       0xbc _build/list.o
 .debug_loc     0x000032f5     0x2916 _build/tasks.o
 .debug_loc     0x00005c0b       0xc0 _build/heap_1.o
 .debug_loc     0x00005ccb       0xe7 _build/port_cmsis.o

.debug_aranges  0x00000000      0x128
 .debug_aranges
                0x00000000       0x20 _build/startup.o
 .debug_aranges
                0x00000020       0x28 _build/main.o
 .debug_aranges
                0x00000048       0x20 _build/system.o
 .debug_aranges
                0x00000068       0x20 _build/queue.o
 .debug_aranges
                0x00000088       0x20 _build/list.o
 .debug_aranges
                0x000000a8       0x20 _build/tasks.o
 .debug_aranges
                0x000000c8       0x20 _build/port.o
 .debug_aranges
                0x000000e8       0x20 _build/heap_1.o
 .debug_aranges
                0x00000108       0x20 _build/port_cmsis.o

.debug_ranges   0x00000000      0xfc0
 .debug_ranges  0x00000000       0x18 _build/startup.o
 .debug_ranges  0x00000018      0x3f8 _build/main.o
 .debug_ranges  0x00000410      0x140 _build/system.o
 .debug_ranges  0x00000550      0x570 _build/queue.o
 .debug_ranges  0x00000ac0      0x4b8 _build/tasks.o
 .debug_ranges  0x00000f78       0x48 _build/port_cmsis.o

.debug_macro    0x00000000    0x1b4df
 .debug_macro   0x00000000       0xce _build/startup.o
 .debug_macro   0x000000ce      0xa72 _build/startup.o
 .debug_macro   0x00000b40       0x3b _build/startup.o
 .debug_macro   0x00000b7b       0x22 _build/startup.o
 .debug_macro   0x00000b9d       0x8e _build/startup.o
 .debug_macro   0x00000c2b       0x51 _build/startup.o
 .debug_macro   0x00000c7c      0x103 _build/startup.o
 .debug_macro   0x00000d7f       0x6a _build/startup.o
 .debug_macro   0x00000de9      0x1df _build/startup.o
 .debug_macro   0x00000fc8       0x1c _build/startup.o
 .debug_macro   0x00000fe4       0x22 _build/startup.o
 .debug_macro   0x00001006       0xfb _build/startup.o
 .debug_macro   0x00001101     0x1011 _build/startup.o
 .debug_macro   0x00002112      0x11f _build/startup.o
 .debug_macro   0x00002231      0x410 _build/startup.o
 .debug_macro   0x00002641    0x10d6b _build/startup.o
 .debug_macro   0x000133ac      0x46a _build/main.o
 .debug_macro   0x00013816      0x174 _build/main.o
 .debug_macro   0x0001398a      0x1a2 _build/main.o
 .debug_macro   0x00013b2c      0x15a _build/main.o
 .debug_macro   0x00013c86       0x22 _build/main.o
 .debug_macro   0x00013ca8       0x40 _build/main.o
 .debug_macro   0x00013ce8      0x16d _build/main.o
 .debug_macro   0x00013e55       0x22 _build/main.o
 .debug_macro   0x00013e77      0xa65 _build/main.o
 .debug_macro   0x000148dc       0x96 _build/main.o
 .debug_macro   0x00014972      0x7bc _build/main.o
 .debug_macro   0x0001512e       0xba _build/main.o
 .debug_macro   0x000151e8       0x10 _build/main.o
 .debug_macro   0x000151f8       0x1f _build/main.o
 .debug_macro   0x00015217      0x368 _build/main.o
 .debug_macro   0x0001557f     0x1fc2 _build/main.o
 .debug_macro   0x00017541      0x462 _build/main.o
 .debug_macro   0x000179a3       0x59 _build/main.o
 .debug_macro   0x000179fc      0xe54 _build/main.o
 .debug_macro   0x00018850      0x154 _build/main.o
 .debug_macro   0x000189a4       0x16 _build/main.o
 .debug_macro   0x000189ba       0x45 _build/main.o
 .debug_macro   0x000189ff       0x64 _build/main.o
 .debug_macro   0x00018a63       0x1e _build/main.o
 .debug_macro   0x00018a81       0x35 _build/main.o
 .debug_macro   0x00018ab6       0x34 _build/main.o
 .debug_macro   0x00018aea       0x16 _build/main.o
 .debug_macro   0x00018b00       0x35 _build/main.o
 .debug_macro   0x00018b35      0x341 _build/main.o
 .debug_macro   0x00018e76       0x10 _build/main.o
 .debug_macro   0x00018e86       0x16 _build/main.o
 .debug_macro   0x00018e9c       0x43 _build/main.o
 .debug_macro   0x00018edf       0x34 _build/main.o
 .debug_macro   0x00018f13       0x10 _build/main.o
 .debug_macro   0x00018f23       0x58 _build/main.o
 .debug_macro   0x00018f7b      0x182 _build/main.o
 .debug_macro   0x000190fd       0x10 _build/main.o
 .debug_macro   0x0001910d       0x1c _build/main.o
 .debug_macro   0x00019129       0x52 _build/main.o
 .debug_macro   0x0001917b       0x22 _build/main.o
 .debug_macro   0x0001919d       0x10 _build/main.o
 .debug_macro   0x000191ad       0x52 _build/main.o
 .debug_macro   0x000191ff       0xd5 _build/main.o
 .debug_macro   0x000192d4       0x1c _build/main.o
 .debug_macro   0x000192f0       0x3d _build/main.o
 .debug_macro   0x0001932d       0x16 _build/main.o
 .debug_macro   0x00019343      0x16f _build/main.o
 .debug_macro   0x000194b2       0x8e _build/main.o
 .debug_macro   0x00019540       0xad _build/main.o
 .debug_macro   0x000195ed       0x49 _build/main.o
 .debug_macro   0x00019636       0x8c _build/main.o
 .debug_macro   0x000196c2       0x19 _build/main.o
 .debug_macro   0x000196db       0x1d _build/main.o
 .debug_macro   0x000196f8       0x35 _build/main.o
 .debug_macro   0x0001972d       0x7b _build/main.o
 .debug_macro   0x000197a8       0x64 _build/main.o
 .debug_macro   0x0001980c       0x20 _build/main.o
 .debug_macro   0x0001982c       0x10 _build/main.o
 .debug_macro   0x0001983c       0x22 _build/main.o
 .debug_macro   0x0001985e       0x2e _build/main.o
 .debug_macro   0x0001988c       0x10 _build/main.o
 .debug_macro   0x0001989c       0x10 _build/main.o
 .debug_macro   0x000198ac       0x4c _build/main.o
 .debug_macro   0x000198f8       0x1c _build/main.o
 .debug_macro   0x00019914       0xb5 _build/main.o
 .debug_macro   0x000199c9       0x8c _build/main.o
 .debug_macro   0x00019a55      0x48d _build/system.o
 .debug_macro   0x00019ee2       0x8d _build/system.o
 .debug_macro   0x00019f6f       0x9a _build/system.o
 .debug_macro   0x0001a009       0x1c _build/system.o
 .debug_macro   0x0001a025      0x19b _build/system.o
 .debug_macro   0x0001a1c0       0x16 _build/system.o
 .debug_macro   0x0001a1d6       0x16 _build/system.o
 .debug_macro   0x0001a1ec       0x29 _build/system.o
 .debug_macro   0x0001a215      0x2c5 _build/queue.o
 .debug_macro   0x0001a4da       0x5e _build/queue.o
 .debug_macro   0x0001a538       0x94 _build/queue.o
 .debug_macro   0x0001a5cc      0x10e _build/queue.o
 .debug_macro   0x0001a6da       0x8d _build/queue.o
 .debug_macro   0x0001a767       0x57 _build/queue.o
 .debug_macro   0x0001a7be       0x16 _build/queue.o
 .debug_macro   0x0001a7d4       0x5c _build/queue.o
 .debug_macro   0x0001a830       0xe3 _build/queue.o
 .debug_macro   0x0001a913      0x23f _build/list.o
 .debug_macro   0x0001ab52      0x334 _build/tasks.o
 .debug_macro   0x0001ae86       0x91 _build/tasks.o
 .debug_macro   0x0001af17       0x10 _build/tasks.o
 .debug_macro   0x0001af27      0x197 _build/port.o
 .debug_macro   0x0001b0be      0x260 _build/heap_1.o
 .debug_macro   0x0001b31e      0x1c1 _build/port_cmsis.o

.debug_line     0x00000000     0x8fa8
 .debug_line    0x00000000      0x3e2 _build/startup.o
 .debug_line    0x000003e2      0xe7f _build/main.o
 .debug_line    0x00001261      0xdfe _build/system.o
 .debug_line    0x0000205f     0x2b6f _build/queue.o
 .debug_line    0x00004bce      0x725 _build/list.o
 .debug_line    0x000052f3     0x2a45 _build/tasks.o
 .debug_line    0x00007d38      0x54e _build/port.o
 .debug_line    0x00008286      0x672 _build/heap_1.o
 .debug_line    0x000088f8      0x6b0 _build/port_cmsis.o

.debug_str      0x00000000    0x9872d
 .debug_str     0x00000000    0x70a9d _build/startup.o
                              0x719f2 (size before relaxing)
 .debug_str     0x00070a9d    0x232e1 _build/main.o
                              0x96361 (size before relaxing)
 .debug_str     0x00093d7e     0x209f _build/system.o
                              0x97db8 (size before relaxing)
 .debug_str     0x00095e1d      0xb49 _build/queue.o
                              0x84bde (size before relaxing)
 .debug_str     0x00096966       0xb7 _build/list.o
                              0x8331d (size before relaxing)
 .debug_str     0x00096a1d     0x19e8 _build/tasks.o
                              0x8571c (size before relaxing)
 .debug_str     0x00098405       0x53 _build/port.o
                              0x80ec4 (size before relaxing)
 .debug_str     0x00098458       0xe9 _build/heap_1.o
                              0x838e1 (size before relaxing)
 .debug_str     0x00098541      0x1ec _build/port_cmsis.o
                              0x81532 (size before relaxing)

.comment        0x00000000       0x49
 .comment       0x00000000       0x49 _build/startup.o
                                 0x4a (size before relaxing)
 .comment       0x00000049       0x4a _build/main.o
 .comment       0x00000049       0x4a _build/system.o
 .comment       0x00000049       0x4a _build/queue.o
 .comment       0x00000049       0x4a _build/list.o
 .comment       0x00000049       0x4a _build/tasks.o
 .comment       0x00000049       0x4a _build/port.o
 .comment       0x00000049       0x4a _build/heap_1.o
 .comment       0x00000049       0x4a _build/port_cmsis.o

.ARM.attributes
                0x00000000       0x32
 .ARM.attributes
                0x00000000       0x34 _build/startup.o
 .ARM.attributes
                0x00000034       0x34 _build/main.o
 .ARM.attributes
                0x00000068       0x34 _build/system.o
 .ARM.attributes
                0x0000009c       0x34 _build/queue.o
 .ARM.attributes
                0x000000d0       0x34 _build/list.o
 .ARM.attributes
                0x00000104       0x34 _build/tasks.o
 .ARM.attributes
                0x00000138       0x34 _build/port.o
 .ARM.attributes
                0x0000016c       0x34 _build/heap_1.o
 .ARM.attributes
                0x000001a0       0x34 _build/port_cmsis.o
 .ARM.attributes
                0x000001d4       0x34 c:/program files (x86)/gnu arm embedded toolchain/102021/bin/../lib/gcc/arm-none-eabi/10.3.1/../../../../arm-none-eabi/lib/thumb/v7e-m+fp/hard\libc_nano.a(lib_a-memcpy-stub.o)
 .ARM.attributes
                0x00000208       0x34 c:/program files (x86)/gnu arm embedded toolchain/102021/bin/../lib/gcc/arm-none-eabi/10.3.1/../../../../arm-none-eabi/lib/thumb/v7e-m+fp/hard\libc_nano.a(lib_a-memset.o)
 .ARM.attributes
                0x0000023c       0x34 c:/program files (x86)/gnu arm embedded toolchain/102021/bin/../lib/gcc/arm-none-eabi/10.3.1/../../../../arm-none-eabi/lib/thumb/v7e-m+fp/hard\libc_nano.a(lib_a-rand.o)
 .ARM.attributes
                0x00000270       0x34 c:/program files (x86)/gnu arm embedded toolchain/102021/bin/../lib/gcc/arm-none-eabi/10.3.1/../../../../arm-none-eabi/lib/thumb/v7e-m+fp/hard\libc_nano.a(lib_a-assert.o)
 .ARM.attributes
                0x000002a4       0x34 c:/program files (x86)/gnu arm embedded toolchain/102021/bin/../lib/gcc/arm-none-eabi/10.3.1/../../../../arm-none-eabi/lib/thumb/v7e-m+fp/hard\libc_nano.a(lib_a-fprintf.o)
 .ARM.attributes
                0x000002d8       0x34 c:/program files (x86)/gnu arm embedded toolchain/102021/bin/../lib/gcc/arm-none-eabi/10.3.1/../../../../arm-none-eabi/lib/thumb/v7e-m+fp/hard\libc_nano.a(lib_a-impure.o)
 .ARM.attributes
                0x0000030c       0x34 c:/program files (x86)/gnu arm embedded toolchain/102021/bin/../lib/gcc/arm-none-eabi/10.3.1/../../../../arm-none-eabi/lib/thumb/v7e-m+fp/hard\libc_nano.a(lib_a-malloc.o)
 .ARM.attributes
                0x00000340       0x34 c:/program files (x86)/gnu arm embedded toolchain/102021/bin/../lib/gcc/arm-none-eabi/10.3.1/../../../../arm-none-eabi/lib/thumb/v7e-m+fp/hard\libc_nano.a(lib_a-nano-freer.o)
 .ARM.attributes
                0x00000374       0x34 c:/program files (x86)/gnu arm embedded toolchain/102021/bin/../lib/gcc/arm-none-eabi/10.3.1/../../../../arm-none-eabi/lib/thumb/v7e-m+fp/hard\libc_nano.a(lib_a-nano-mallocr.o)
 .ARM.attributes
                0x000003a8       0x34 c:/program files (x86)/gnu arm embedded toolchain/102021/bin/../lib/gcc/arm-none-eabi/10.3.1/../../../../arm-none-eabi/lib/thumb/v7e-m+fp/hard\libc_nano.a(lib_a-nano-vfprintf.o)
 .ARM.attributes
                0x000003dc       0x34 c:/program files (x86)/gnu arm embedded toolchain/102021/bin/../lib/gcc/arm-none-eabi/10.3.1/../../../../arm-none-eabi/lib/thumb/v7e-m+fp/hard\libc_nano.a(lib_a-nano-vfprintf_i.o)
 .ARM.attributes
                0x00000410       0x34 c:/program files (x86)/gnu arm embedded toolchain/102021/bin/../lib/gcc/arm-none-eabi/10.3.1/../../../../arm-none-eabi/lib/thumb/v7e-m+fp/hard\libc_nano.a(lib_a-sbrkr.o)
 .ARM.attributes
                0x00000444       0x34 c:/program files (x86)/gnu arm embedded toolchain/102021/bin/../lib/gcc/arm-none-eabi/10.3.1/../../../../arm-none-eabi/lib/thumb/v7e-m+fp/hard\libc_nano.a(lib_a-wbuf.o)
 .ARM.attributes
                0x00000478       0x34 c:/program files (x86)/gnu arm embedded toolchain/102021/bin/../lib/gcc/arm-none-eabi/10.3.1/../../../../arm-none-eabi/lib/thumb/v7e-m+fp/hard\libc_nano.a(lib_a-wsetup.o)
 .ARM.attributes
                0x000004ac       0x34 c:/program files (x86)/gnu arm embedded toolchain/102021/bin/../lib/gcc/arm-none-eabi/10.3.1/../../../../arm-none-eabi/lib/thumb/v7e-m+fp/hard\libc_nano.a(lib_a-abort.o)
 .ARM.attributes
                0x000004e0       0x34 c:/program files (x86)/gnu arm embedded toolchain/102021/bin/../lib/gcc/arm-none-eabi/10.3.1/../../../../arm-none-eabi/lib/thumb/v7e-m+fp/hard\libc_nano.a(lib_a-fflush.o)
 .ARM.attributes
                0x00000514       0x34 c:/program files (x86)/gnu arm embedded toolchain/102021/bin/../lib/gcc/arm-none-eabi/10.3.1/../../../../arm-none-eabi/lib/thumb/v7e-m+fp/hard\libc_nano.a(lib_a-findfp.o)
 .ARM.attributes
                0x00000548       0x34 c:/program files (x86)/gnu arm embedded toolchain/102021/bin/../lib/gcc/arm-none-eabi/10.3.1/../../../../arm-none-eabi/lib/thumb/v7e-m+fp/hard\libc_nano.a(lib_a-fwalk.o)
 .ARM.attributes
                0x0000057c       0x34 c:/program files (x86)/gnu arm embedded toolchain/102021/bin/../lib/gcc/arm-none-eabi/10.3.1/../../../../arm-none-eabi/lib/thumb/v7e-m+fp/hard\libc_nano.a(lib_a-lock.o)
 .ARM.attributes
                0x000005b0       0x34 c:/program files (x86)/gnu arm embedded toolchain/102021/bin/../lib/gcc/arm-none-eabi/10.3.1/../../../../arm-none-eabi/lib/thumb/v7e-m+fp/hard\libc_nano.a(lib_a-makebuf.o)
 .ARM.attributes
                0x000005e4       0x1c c:/program files (x86)/gnu arm embedded toolchain/102021/bin/../lib/gcc/arm-none-eabi/10.3.1/../../../../arm-none-eabi/lib/thumb/v7e-m+fp/hard\libc_nano.a(lib_a-memchr.o)
 .ARM.attributes
                0x00000600       0x34 c:/program files (x86)/gnu arm embedded toolchain/102021/bin/../lib/gcc/arm-none-eabi/10.3.1/../../../../arm-none-eabi/lib/thumb/v7e-m+fp/hard\libc_nano.a(lib_a-mlock.o)
 .ARM.attributes
                0x00000634       0x34 c:/program files (x86)/gnu arm embedded toolchain/102021/bin/../lib/gcc/arm-none-eabi/10.3.1/../../../../arm-none-eabi/lib/thumb/v7e-m+fp/hard\libc_nano.a(lib_a-reent.o)
 .ARM.attributes
                0x00000668       0x34 c:/program files (x86)/gnu arm embedded toolchain/102021/bin/../lib/gcc/arm-none-eabi/10.3.1/../../../../arm-none-eabi/lib/thumb/v7e-m+fp/hard\libc_nano.a(lib_a-signal.o)
 .ARM.attributes
                0x0000069c       0x34 c:/program files (x86)/gnu arm embedded toolchain/102021/bin/../lib/gcc/arm-none-eabi/10.3.1/../../../../arm-none-eabi/lib/thumb/v7e-m+fp/hard\libc_nano.a(lib_a-signalr.o)
 .ARM.attributes
                0x000006d0       0x34 c:/program files (x86)/gnu arm embedded toolchain/102021/bin/../lib/gcc/arm-none-eabi/10.3.1/../../../../arm-none-eabi/lib/thumb/v7e-m+fp/hard\libc_nano.a(lib_a-stdio.o)
 .ARM.attributes
                0x00000704       0x34 c:/program files (x86)/gnu arm embedded toolchain/102021/bin/../lib/gcc/arm-none-eabi/10.3.1/../../../../arm-none-eabi/lib/thumb/v7e-m+fp/hard\libc_nano.a(lib_a-writer.o)
 .ARM.attributes
                0x00000738       0x34 c:/program files (x86)/gnu arm embedded toolchain/102021/bin/../lib/gcc/arm-none-eabi/10.3.1/../../../../arm-none-eabi/lib/thumb/v7e-m+fp/hard\libc_nano.a(lib_a-closer.o)
 .ARM.attributes
                0x0000076c       0x34 c:/program files (x86)/gnu arm embedded toolchain/102021/bin/../lib/gcc/arm-none-eabi/10.3.1/../../../../arm-none-eabi/lib/thumb/v7e-m+fp/hard\libc_nano.a(lib_a-fstatr.o)
 .ARM.attributes
                0x000007a0       0x34 c:/program files (x86)/gnu arm embedded toolchain/102021/bin/../lib/gcc/arm-none-eabi/10.3.1/../../../../arm-none-eabi/lib/thumb/v7e-m+fp/hard\libc_nano.a(lib_a-isattyr.o)
 .ARM.attributes
                0x000007d4       0x34 c:/program files (x86)/gnu arm embedded toolchain/102021/bin/../lib/gcc/arm-none-eabi/10.3.1/../../../../arm-none-eabi/lib/thumb/v7e-m+fp/hard\libc_nano.a(lib_a-lseekr.o)
 .ARM.attributes
                0x00000808       0x34 c:/program files (x86)/gnu arm embedded toolchain/102021/bin/../lib/gcc/arm-none-eabi/10.3.1/../../../../arm-none-eabi/lib/thumb/v7e-m+fp/hard\libc_nano.a(lib_a-readr.o)
 .ARM.attributes
                0x0000083c       0x34 c:/program files (x86)/gnu arm embedded toolchain/102021/bin/../lib/gcc/arm-none-eabi/10.3.1/../../../../arm-none-eabi/lib/thumb/v7e-m+fp/hard\libnosys.a(close.o)
 .ARM.attributes
                0x00000870       0x34 c:/program files (x86)/gnu arm embedded toolchain/102021/bin/../lib/gcc/arm-none-eabi/10.3.1/../../../../arm-none-eabi/lib/thumb/v7e-m+fp/hard\libnosys.a(fstat.o)
 .ARM.attributes
                0x000008a4       0x34 c:/program files (x86)/gnu arm embedded toolchain/102021/bin/../lib/gcc/arm-none-eabi/10.3.1/../../../../arm-none-eabi/lib/thumb/v7e-m+fp/hard\libnosys.a(getpid.o)
 .ARM.attributes
                0x000008d8       0x34 c:/program files (x86)/gnu arm embedded toolchain/102021/bin/../lib/gcc/arm-none-eabi/10.3.1/../../../../arm-none-eabi/lib/thumb/v7e-m+fp/hard\libnosys.a(isatty.o)
 .ARM.attributes
                0x0000090c       0x34 c:/program files (x86)/gnu arm embedded toolchain/102021/bin/../lib/gcc/arm-none-eabi/10.3.1/../../../../arm-none-eabi/lib/thumb/v7e-m+fp/hard\libnosys.a(kill.o)
 .ARM.attributes
                0x00000940       0x34 c:/program files (x86)/gnu arm embedded toolchain/102021/bin/../lib/gcc/arm-none-eabi/10.3.1/../../../../arm-none-eabi/lib/thumb/v7e-m+fp/hard\libnosys.a(lseek.o)
 .ARM.attributes
                0x00000974       0x34 c:/program files (x86)/gnu arm embedded toolchain/102021/bin/../lib/gcc/arm-none-eabi/10.3.1/../../../../arm-none-eabi/lib/thumb/v7e-m+fp/hard\libnosys.a(read.o)
 .ARM.attributes
                0x000009a8       0x34 c:/program files (x86)/gnu arm embedded toolchain/102021/bin/../lib/gcc/arm-none-eabi/10.3.1/../../../../arm-none-eabi/lib/thumb/v7e-m+fp/hard\libnosys.a(sbrk.o)
 .ARM.attributes
                0x000009dc       0x34 c:/program files (x86)/gnu arm embedded toolchain/102021/bin/../lib/gcc/arm-none-eabi/10.3.1/../../../../arm-none-eabi/lib/thumb/v7e-m+fp/hard\libnosys.a(write.o)
 .ARM.attributes
                0x00000a10       0x34 c:/program files (x86)/gnu arm embedded toolchain/102021/bin/../lib/gcc/arm-none-eabi/10.3.1/../../../../arm-none-eabi/lib/thumb/v7e-m+fp/hard\libnosys.a(_exit.o)
 .ARM.attributes
                0x00000a44       0x34 c:/program files (x86)/gnu arm embedded toolchain/102021/bin/../lib/gcc/arm-none-eabi/10.3.1/../../../../arm-none-eabi/lib/thumb/v7e-m+fp/hard\libm.a(lib_a-w_log.o)
 .ARM.attributes
                0x00000a78       0x34 c:/program files (x86)/gnu arm embedded toolchain/102021/bin/../lib/gcc/arm-none-eabi/10.3.1/../../../../arm-none-eabi/lib/thumb/v7e-m+fp/hard\libm.a(lib_a-w_pow.o)
 .ARM.attributes
                0x00000aac       0x34 c:/program files (x86)/gnu arm embedded toolchain/102021/bin/../lib/gcc/arm-none-eabi/10.3.1/../../../../arm-none-eabi/lib/thumb/v7e-m+fp/hard\libm.a(lib_a-w_sqrt.o)
 .ARM.attributes
                0x00000ae0       0x34 c:/program files (x86)/gnu arm embedded toolchain/102021/bin/../lib/gcc/arm-none-eabi/10.3.1/../../../../arm-none-eabi/lib/thumb/v7e-m+fp/hard\libm.a(lib_a-e_log.o)
 .ARM.attributes
                0x00000b14       0x34 c:/program files (x86)/gnu arm embedded toolchain/102021/bin/../lib/gcc/arm-none-eabi/10.3.1/../../../../arm-none-eabi/lib/thumb/v7e-m+fp/hard\libm.a(lib_a-e_pow.o)
 .ARM.attributes
                0x00000b48       0x34 c:/program files (x86)/gnu arm embedded toolchain/102021/bin/../lib/gcc/arm-none-eabi/10.3.1/../../../../arm-none-eabi/lib/thumb/v7e-m+fp/hard\libm.a(lib_a-e_sqrt.o)
 .ARM.attributes
                0x00000b7c       0x34 c:/program files (x86)/gnu arm embedded toolchain/102021/bin/../lib/gcc/arm-none-eabi/10.3.1/../../../../arm-none-eabi/lib/thumb/v7e-m+fp/hard\libm.a(lib_a-math_err.o)
 .ARM.attributes
                0x00000bb0       0x34 c:/program files (x86)/gnu arm embedded toolchain/102021/bin/../lib/gcc/arm-none-eabi/10.3.1/../../../../arm-none-eabi/lib/thumb/v7e-m+fp/hard\libm.a(lib_a-s_fabs.o)
 .ARM.attributes
                0x00000be4       0x34 c:/program files (x86)/gnu arm embedded toolchain/102021/bin/../lib/gcc/arm-none-eabi/10.3.1/../../../../arm-none-eabi/lib/thumb/v7e-m+fp/hard\libm.a(lib_a-s_finite.o)
 .ARM.attributes
                0x00000c18       0x34 c:/program files (x86)/gnu arm embedded toolchain/102021/bin/../lib/gcc/arm-none-eabi/10.3.1/../../../../arm-none-eabi/lib/thumb/v7e-m+fp/hard\libm.a(lib_a-s_nan.o)
 .ARM.attributes
                0x00000c4c       0x34 c:/program files (x86)/gnu arm embedded toolchain/102021/bin/../lib/gcc/arm-none-eabi/10.3.1/../../../../arm-none-eabi/lib/thumb/v7e-m+fp/hard\libm.a(lib_a-s_scalbn.o)
 .ARM.attributes
                0x00000c80       0x1e c:/program files (x86)/gnu arm embedded toolchain/102021/bin/../lib/gcc/arm-none-eabi/10.3.1/thumb/v7e-m+fp/hard\libgcc.a(_arm_addsubdf3.o)
 .ARM.attributes
                0x00000c9e       0x1e c:/program files (x86)/gnu arm embedded toolchain/102021/bin/../lib/gcc/arm-none-eabi/10.3.1/thumb/v7e-m+fp/hard\libgcc.a(_arm_muldivdf3.o)
 .ARM.attributes
                0x00000cbc       0x1e c:/program files (x86)/gnu arm embedded toolchain/102021/bin/../lib/gcc/arm-none-eabi/10.3.1/thumb/v7e-m+fp/hard\libgcc.a(_arm_cmpdf2.o)
 .ARM.attributes
                0x00000cda       0x1e c:/program files (x86)/gnu arm embedded toolchain/102021/bin/../lib/gcc/arm-none-eabi/10.3.1/thumb/v7e-m+fp/hard\libgcc.a(_arm_unorddf2.o)
 .ARM.attributes
                0x00000cf8       0x1e c:/program files (x86)/gnu arm embedded toolchain/102021/bin/../lib/gcc/arm-none-eabi/10.3.1/thumb/v7e-m+fp/hard\libgcc.a(_arm_truncdfsf2.o)
 .ARM.attributes
                0x00000d16       0x34 c:/program files (x86)/gnu arm embedded toolchain/102021/bin/../lib/gcc/arm-none-eabi/10.3.1/../../../../arm-none-eabi/lib/thumb/v7e-m+fp/hard\libg_nano.a(lib_a-errno.o)

.debug_frame    0x00000000     0x1ec0
 .debug_frame   0x00000000       0x50 _build/startup.o
 .debug_frame   0x00000050       0xa4 _build/main.o
 .debug_frame   0x000000f4      0x140 _build/system.o
 .debug_frame   0x00000234      0x32c _build/queue.o
 .debug_frame   0x00000560       0x88 _build/list.o
 .debug_frame   0x000005e8      0x618 _build/tasks.o
 .debug_frame   0x00000c00       0x40 _build/port.o
 .debug_frame   0x00000c40       0x5c _build/heap_1.o
 .debug_frame   0x00000c9c       0x84 _build/port_cmsis.o
 .debug_frame   0x00000d20       0x28 c:/program files (x86)/gnu arm embedded toolchain/102021/bin/../lib/gcc/arm-none-eabi/10.3.1/../../../../arm-none-eabi/lib/thumb/v7e-m+fp/hard\libc_nano.a(lib_a-memcpy-stub.o)
 .debug_frame   0x00000d48       0x20 c:/program files (x86)/gnu arm embedded toolchain/102021/bin/../lib/gcc/arm-none-eabi/10.3.1/../../../../arm-none-eabi/lib/thumb/v7e-m+fp/hard\libc_nano.a(lib_a-memset.o)
 .debug_frame   0x00000d68       0x44 c:/program files (x86)/gnu arm embedded toolchain/102021/bin/../lib/gcc/arm-none-eabi/10.3.1/../../../../arm-none-eabi/lib/thumb/v7e-m+fp/hard\libc_nano.a(lib_a-rand.o)
 .debug_frame   0x00000dac       0x40 c:/program files (x86)/gnu arm embedded toolchain/102021/bin/../lib/gcc/arm-none-eabi/10.3.1/../../../../arm-none-eabi/lib/thumb/v7e-m+fp/hard\libc_nano.a(lib_a-assert.o)
 .debug_frame   0x00000dec       0x64 c:/program files (x86)/gnu arm embedded toolchain/102021/bin/../lib/gcc/arm-none-eabi/10.3.1/../../../../arm-none-eabi/lib/thumb/v7e-m+fp/hard\libc_nano.a(lib_a-fprintf.o)
 .debug_frame   0x00000e50       0x30 c:/program files (x86)/gnu arm embedded toolchain/102021/bin/../lib/gcc/arm-none-eabi/10.3.1/../../../../arm-none-eabi/lib/thumb/v7e-m+fp/hard\libc_nano.a(lib_a-malloc.o)
 .debug_frame   0x00000e80       0x38 c:/program files (x86)/gnu arm embedded toolchain/102021/bin/../lib/gcc/arm-none-eabi/10.3.1/../../../../arm-none-eabi/lib/thumb/v7e-m+fp/hard\libc_nano.a(lib_a-nano-freer.o)
 .debug_frame   0x00000eb8       0x4c c:/program files (x86)/gnu arm embedded toolchain/102021/bin/../lib/gcc/arm-none-eabi/10.3.1/../../../../arm-none-eabi/lib/thumb/v7e-m+fp/hard\libc_nano.a(lib_a-nano-mallocr.o)
 .debug_frame   0x00000f04       0xac c:/program files (x86)/gnu arm embedded toolchain/102021/bin/../lib/gcc/arm-none-eabi/10.3.1/../../../../arm-none-eabi/lib/thumb/v7e-m+fp/hard\libc_nano.a(lib_a-nano-vfprintf.o)
 .debug_frame   0x00000fb0       0x60 c:/program files (x86)/gnu arm embedded toolchain/102021/bin/../lib/gcc/arm-none-eabi/10.3.1/../../../../arm-none-eabi/lib/thumb/v7e-m+fp/hard\libc_nano.a(lib_a-nano-vfprintf_i.o)
 .debug_frame   0x00001010       0x2c c:/program files (x86)/gnu arm embedded toolchain/102021/bin/../lib/gcc/arm-none-eabi/10.3.1/../../../../arm-none-eabi/lib/thumb/v7e-m+fp/hard\libc_nano.a(lib_a-sbrkr.o)
 .debug_frame   0x0000103c       0x40 c:/program files (x86)/gnu arm embedded toolchain/102021/bin/../lib/gcc/arm-none-eabi/10.3.1/../../../../arm-none-eabi/lib/thumb/v7e-m+fp/hard\libc_nano.a(lib_a-wbuf.o)
 .debug_frame   0x0000107c       0x2c c:/program files (x86)/gnu arm embedded toolchain/102021/bin/../lib/gcc/arm-none-eabi/10.3.1/../../../../arm-none-eabi/lib/thumb/v7e-m+fp/hard\libc_nano.a(lib_a-wsetup.o)
 .debug_frame   0x000010a8       0x28 c:/program files (x86)/gnu arm embedded toolchain/102021/bin/../lib/gcc/arm-none-eabi/10.3.1/../../../../arm-none-eabi/lib/thumb/v7e-m+fp/hard\libc_nano.a(lib_a-abort.o)
 .debug_frame   0x000010d0       0x5c c:/program files (x86)/gnu arm embedded toolchain/102021/bin/../lib/gcc/arm-none-eabi/10.3.1/../../../../arm-none-eabi/lib/thumb/v7e-m+fp/hard\libc_nano.a(lib_a-fflush.o)
 .debug_frame   0x0000112c      0x14c c:/program files (x86)/gnu arm embedded toolchain/102021/bin/../lib/gcc/arm-none-eabi/10.3.1/../../../../arm-none-eabi/lib/thumb/v7e-m+fp/hard\libc_nano.a(lib_a-findfp.o)
 .debug_frame   0x00001278       0x54 c:/program files (x86)/gnu arm embedded toolchain/102021/bin/../lib/gcc/arm-none-eabi/10.3.1/../../../../arm-none-eabi/lib/thumb/v7e-m+fp/hard\libc_nano.a(lib_a-fwalk.o)
 .debug_frame   0x000012cc       0xb0 c:/program files (x86)/gnu arm embedded toolchain/102021/bin/../lib/gcc/arm-none-eabi/10.3.1/../../../../arm-none-eabi/lib/thumb/v7e-m+fp/hard\libc_nano.a(lib_a-lock.o)
 .debug_frame   0x0000137c       0x58 c:/program files (x86)/gnu arm embedded toolchain/102021/bin/../lib/gcc/arm-none-eabi/10.3.1/../../../../arm-none-eabi/lib/thumb/v7e-m+fp/hard\libc_nano.a(lib_a-makebuf.o)
 .debug_frame   0x000013d4       0x30 c:/program files (x86)/gnu arm embedded toolchain/102021/bin/../lib/gcc/arm-none-eabi/10.3.1/../../../../arm-none-eabi/lib/thumb/v7e-m+fp/hard\libc_nano.a(lib_a-mlock.o)
 .debug_frame   0x00001404       0x5c c:/program files (x86)/gnu arm embedded toolchain/102021/bin/../lib/gcc/arm-none-eabi/10.3.1/../../../../arm-none-eabi/lib/thumb/v7e-m+fp/hard\libc_nano.a(lib_a-reent.o)
 .debug_frame   0x00001460       0xcc c:/program files (x86)/gnu arm embedded toolchain/102021/bin/../lib/gcc/arm-none-eabi/10.3.1/../../../../arm-none-eabi/lib/thumb/v7e-m+fp/hard\libc_nano.a(lib_a-signal.o)
 .debug_frame   0x0000152c       0x3c c:/program files (x86)/gnu arm embedded toolchain/102021/bin/../lib/gcc/arm-none-eabi/10.3.1/../../../../arm-none-eabi/lib/thumb/v7e-m+fp/hard\libc_nano.a(lib_a-signalr.o)
 .debug_frame   0x00001568       0x88 c:/program files (x86)/gnu arm embedded toolchain/102021/bin/../lib/gcc/arm-none-eabi/10.3.1/../../../../arm-none-eabi/lib/thumb/v7e-m+fp/hard\libc_nano.a(lib_a-stdio.o)
 .debug_frame   0x000015f0       0x2c c:/program files (x86)/gnu arm embedded toolchain/102021/bin/../lib/gcc/arm-none-eabi/10.3.1/../../../../arm-none-eabi/lib/thumb/v7e-m+fp/hard\libc_nano.a(lib_a-writer.o)
 .debug_frame   0x0000161c       0x2c c:/program files (x86)/gnu arm embedded toolchain/102021/bin/../lib/gcc/arm-none-eabi/10.3.1/../../../../arm-none-eabi/lib/thumb/v7e-m+fp/hard\libc_nano.a(lib_a-closer.o)
 .debug_frame   0x00001648       0x2c c:/program files (x86)/gnu arm embedded toolchain/102021/bin/../lib/gcc/arm-none-eabi/10.3.1/../../../../arm-none-eabi/lib/thumb/v7e-m+fp/hard\libc_nano.a(lib_a-fstatr.o)
 .debug_frame   0x00001674       0x2c c:/program files (x86)/gnu arm embedded toolchain/102021/bin/../lib/gcc/arm-none-eabi/10.3.1/../../../../arm-none-eabi/lib/thumb/v7e-m+fp/hard\libc_nano.a(lib_a-isattyr.o)
 .debug_frame   0x000016a0       0x2c c:/program files (x86)/gnu arm embedded toolchain/102021/bin/../lib/gcc/arm-none-eabi/10.3.1/../../../../arm-none-eabi/lib/thumb/v7e-m+fp/hard\libc_nano.a(lib_a-lseekr.o)
 .debug_frame   0x000016cc       0x2c c:/program files (x86)/gnu arm embedded toolchain/102021/bin/../lib/gcc/arm-none-eabi/10.3.1/../../../../arm-none-eabi/lib/thumb/v7e-m+fp/hard\libc_nano.a(lib_a-readr.o)
 .debug_frame   0x000016f8       0x20 c:/program files (x86)/gnu arm embedded toolchain/102021/bin/../lib/gcc/arm-none-eabi/10.3.1/../../../../arm-none-eabi/lib/thumb/v7e-m+fp/hard\libnosys.a(close.o)
 .debug_frame   0x00001718       0x20 c:/program files (x86)/gnu arm embedded toolchain/102021/bin/../lib/gcc/arm-none-eabi/10.3.1/../../../../arm-none-eabi/lib/thumb/v7e-m+fp/hard\libnosys.a(fstat.o)
 .debug_frame   0x00001738       0x20 c:/program files (x86)/gnu arm embedded toolchain/102021/bin/../lib/gcc/arm-none-eabi/10.3.1/../../../../arm-none-eabi/lib/thumb/v7e-m+fp/hard\libnosys.a(getpid.o)
 .debug_frame   0x00001758       0x20 c:/program files (x86)/gnu arm embedded toolchain/102021/bin/../lib/gcc/arm-none-eabi/10.3.1/../../../../arm-none-eabi/lib/thumb/v7e-m+fp/hard\libnosys.a(isatty.o)
 .debug_frame   0x00001778       0x20 c:/program files (x86)/gnu arm embedded toolchain/102021/bin/../lib/gcc/arm-none-eabi/10.3.1/../../../../arm-none-eabi/lib/thumb/v7e-m+fp/hard\libnosys.a(kill.o)
 .debug_frame   0x00001798       0x20 c:/program files (x86)/gnu arm embedded toolchain/102021/bin/../lib/gcc/arm-none-eabi/10.3.1/../../../../arm-none-eabi/lib/thumb/v7e-m+fp/hard\libnosys.a(lseek.o)
 .debug_frame   0x000017b8       0x20 c:/program files (x86)/gnu arm embedded toolchain/102021/bin/../lib/gcc/arm-none-eabi/10.3.1/../../../../arm-none-eabi/lib/thumb/v7e-m+fp/hard\libnosys.a(read.o)
 .debug_frame   0x000017d8       0x20 c:/program files (x86)/gnu arm embedded toolchain/102021/bin/../lib/gcc/arm-none-eabi/10.3.1/../../../../arm-none-eabi/lib/thumb/v7e-m+fp/hard\libnosys.a(sbrk.o)
 .debug_frame   0x000017f8       0x20 c:/program files (x86)/gnu arm embedded toolchain/102021/bin/../lib/gcc/arm-none-eabi/10.3.1/../../../../arm-none-eabi/lib/thumb/v7e-m+fp/hard\libnosys.a(write.o)
 .debug_frame   0x00001818       0x20 c:/program files (x86)/gnu arm embedded toolchain/102021/bin/../lib/gcc/arm-none-eabi/10.3.1/../../../../arm-none-eabi/lib/thumb/v7e-m+fp/hard\libnosys.a(_exit.o)
 .debug_frame   0x00001838       0x4c c:/program files (x86)/gnu arm embedded toolchain/102021/bin/../lib/gcc/arm-none-eabi/10.3.1/../../../../arm-none-eabi/lib/thumb/v7e-m+fp/hard\libm.a(lib_a-w_log.o)
 .debug_frame   0x00001884       0x44 c:/program files (x86)/gnu arm embedded toolchain/102021/bin/../lib/gcc/arm-none-eabi/10.3.1/../../../../arm-none-eabi/lib/thumb/v7e-m+fp/hard\libm.a(lib_a-w_pow.o)
 .debug_frame   0x000018c8       0x48 c:/program files (x86)/gnu arm embedded toolchain/102021/bin/../lib/gcc/arm-none-eabi/10.3.1/../../../../arm-none-eabi/lib/thumb/v7e-m+fp/hard\libm.a(lib_a-w_sqrt.o)
 .debug_frame   0x00001910       0x78 c:/program files (x86)/gnu arm embedded toolchain/102021/bin/../lib/gcc/arm-none-eabi/10.3.1/../../../../arm-none-eabi/lib/thumb/v7e-m+fp/hard\libm.a(lib_a-e_log.o)
 .debug_frame   0x00001988      0x12c c:/program files (x86)/gnu arm embedded toolchain/102021/bin/../lib/gcc/arm-none-eabi/10.3.1/../../../../arm-none-eabi/lib/thumb/v7e-m+fp/hard\libm.a(lib_a-e_pow.o)
 .debug_frame   0x00001ab4       0x30 c:/program files (x86)/gnu arm embedded toolchain/102021/bin/../lib/gcc/arm-none-eabi/10.3.1/../../../../arm-none-eabi/lib/thumb/v7e-m+fp/hard\libm.a(lib_a-e_sqrt.o)
 .debug_frame   0x00001ae4      0x124 c:/program files (x86)/gnu arm embedded toolchain/102021/bin/../lib/gcc/arm-none-eabi/10.3.1/../../../../arm-none-eabi/lib/thumb/v7e-m+fp/hard\libm.a(lib_a-math_err.o)
 .debug_frame   0x00001c08       0x20 c:/program files (x86)/gnu arm embedded toolchain/102021/bin/../lib/gcc/arm-none-eabi/10.3.1/../../../../arm-none-eabi/lib/thumb/v7e-m+fp/hard\libm.a(lib_a-s_fabs.o)
 .debug_frame   0x00001c28       0x28 c:/program files (x86)/gnu arm embedded toolchain/102021/bin/../lib/gcc/arm-none-eabi/10.3.1/../../../../arm-none-eabi/lib/thumb/v7e-m+fp/hard\libm.a(lib_a-s_finite.o)
 .debug_frame   0x00001c50       0x20 c:/program files (x86)/gnu arm embedded toolchain/102021/bin/../lib/gcc/arm-none-eabi/10.3.1/../../../../arm-none-eabi/lib/thumb/v7e-m+fp/hard\libm.a(lib_a-s_nan.o)
 .debug_frame   0x00001c70       0x2c c:/program files (x86)/gnu arm embedded toolchain/102021/bin/../lib/gcc/arm-none-eabi/10.3.1/../../../../arm-none-eabi/lib/thumb/v7e-m+fp/hard\libm.a(lib_a-s_scalbn.o)
 .debug_frame   0x00001c9c       0xac c:/program files (x86)/gnu arm embedded toolchain/102021/bin/../lib/gcc/arm-none-eabi/10.3.1/thumb/v7e-m+fp/hard\libgcc.a(_arm_addsubdf3.o)
 .debug_frame   0x00001d48       0x50 c:/program files (x86)/gnu arm embedded toolchain/102021/bin/../lib/gcc/arm-none-eabi/10.3.1/thumb/v7e-m+fp/hard\libgcc.a(_arm_muldivdf3.o)
 .debug_frame   0x00001d98       0xc4 c:/program files (x86)/gnu arm embedded toolchain/102021/bin/../lib/gcc/arm-none-eabi/10.3.1/thumb/v7e-m+fp/hard\libgcc.a(_arm_cmpdf2.o)
 .debug_frame   0x00001e5c       0x20 c:/program files (x86)/gnu arm embedded toolchain/102021/bin/../lib/gcc/arm-none-eabi/10.3.1/thumb/v7e-m+fp/hard\libgcc.a(_arm_unorddf2.o)
 .debug_frame   0x00001e7c       0x24 c:/program files (x86)/gnu arm embedded toolchain/102021/bin/../lib/gcc/arm-none-eabi/10.3.1/thumb/v7e-m+fp/hard\libgcc.a(_arm_truncdfsf2.o)
 .debug_frame   0x00001ea0       0x20 c:/program files (x86)/gnu arm embedded toolchain/102021/bin/../lib/gcc/arm-none-eabi/10.3.1/../../../../arm-none-eabi/lib/thumb/v7e-m+fp/hard\libg_nano.a(lib_a-errno.o)

.stab           0x00000000       0xcc
 .stab          0x00000000       0x24 c:/program files (x86)/gnu arm embedded toolchain/102021/bin/../lib/gcc/arm-none-eabi/10.3.1/../../../../arm-none-eabi/lib/thumb/v7e-m+fp/hard\libnosys.a(close.o)
 .stab          0x00000024       0x18 c:/program files (x86)/gnu arm embedded toolchain/102021/bin/../lib/gcc/arm-none-eabi/10.3.1/../../../../arm-none-eabi/lib/thumb/v7e-m+fp/hard\libnosys.a(fstat.o)
                                 0x24 (size before relaxing)
 .stab          0x0000003c       0x18 c:/program files (x86)/gnu arm embedded toolchain/102021/bin/../lib/gcc/arm-none-eabi/10.3.1/../../../../arm-none-eabi/lib/thumb/v7e-m+fp/hard\libnosys.a(getpid.o)
                                 0x24 (size before relaxing)
 .stab          0x00000054       0x18 c:/program files (x86)/gnu arm embedded toolchain/102021/bin/../lib/gcc/arm-none-eabi/10.3.1/../../../../arm-none-eabi/lib/thumb/v7e-m+fp/hard\libnosys.a(isatty.o)
                                 0x24 (size before relaxing)
 .stab          0x0000006c       0x18 c:/program files (x86)/gnu arm embedded toolchain/102021/bin/../lib/gcc/arm-none-eabi/10.3.1/../../../../arm-none-eabi/lib/thumb/v7e-m+fp/hard\libnosys.a(kill.o)
                                 0x24 (size before relaxing)
 .stab          0x00000084       0x18 c:/program files (x86)/gnu arm embedded toolchain/102021/bin/../lib/gcc/arm-none-eabi/10.3.1/../../../../arm-none-eabi/lib/thumb/v7e-m+fp/hard\libnosys.a(lseek.o)
                                 0x24 (size before relaxing)
 .stab          0x0000009c       0x18 c:/program files (x86)/gnu arm embedded toolchain/102021/bin/../lib/gcc/arm-none-eabi/10.3.1/../../../../arm-none-eabi/lib/thumb/v7e-m+fp/hard\libnosys.a(read.o)
                                 0x24 (size before relaxing)
 .stab          0x000000b4       0x18 c:/program files (x86)/gnu arm embedded toolchain/102021/bin/../lib/gcc/arm-none-eabi/10.3.1/../../../../arm-none-eabi/lib/thumb/v7e-m+fp/hard\libnosys.a(write.o)
                                 0x24 (size before relaxing)

.stabstr        0x00000000      0x1b9
 .stabstr       0x00000000      0x1b9 c:/program files (x86)/gnu arm embedded toolchain/102021/bin/../lib/gcc/arm-none-eabi/10.3.1/../../../../arm-none-eabi/lib/thumb/v7e-m+fp/hard\libnosys.a(close.o)
